Component: ARM Compiler 5.06 update 6 (build 750) Tool: armlink [4d35ed]

==============================================================================

Section Cross References

    main.o(.text) refers to system.o(.text) for System_initialization
    main.o(.text) refers to dac2526.o(.text) for initDAC2526
    main.o(.text) refers to stm32f10x_gpio.o(.text) for GPIO_SetBits
    main.o(.text) refers to stimulation.o(.text) for stiumlationRun
    main.o(.text) refers to main.o(.data) for codeUpdata
    main.o(.text) refers to main.o(.bss) for dataBuf
    stimulation.o(.text) refers to stm32f10x_tim.o(.text) for TIM_Cmd
    stimulation.o(.text) refers to dac2526.o(.text) for writeDACAandB
    stimulation.o(.text) refers to system.o(.text) for Delay
    stimulation.o(.text) refers to stm32f10x_gpio.o(.text) for GPIO_SetBits
    stimulation.o(.text) refers to stimulation.o(.data) for DACMap
    stimulation.o(.text) refers to main.o(.data) for stimulationStart
    stm32f10x_it.o(.text) refers to system.o(.text) for Decrement_TimingDelay
    stm32f10x_it.o(.text) refers to stm32f10x_can.o(.text) for CAN_Receive
    stm32f10x_it.o(.text) refers to stm32f10x_tim.o(.text) for TIM_GetITStatus
    stm32f10x_it.o(.text) refers to stm32f10x_usart.o(.text) for USART_GetFlagStatus
    stm32f10x_it.o(.text) refers to main.o(.data) for reFlag
    stm32f10x_it.o(.text) refers to main.o(.bss) for dataBuf
    stm32f10x_it.o(.text) refers to stimulation.o(.data) for int_flag
    stm32f10x_it.o(.text) refers to stm32f10x_it.o(.data) for i
    stm32f10x_it.o(.text) refers to system.o(.data) for TimingDelay
    stm32f10x_it.o(.text) refers to stm32f10x_it.o(.bss) for datadata
    system.o(.text) refers to stm32f10x_usart.o(.text) for USART_Init
    system.o(.text) refers to stm32_init.o(.text) for stm32_GetPCLK1
    system.o(.text) refers to stm32f10x_can.o(.text) for CAN_FilterInit
    system.o(.text) refers to stm32f10x_rcc.o(.text) for RCC_APB2PeriphClockCmd
    system.o(.text) refers to stm32f10x_spi.o(.text) for SPI_Init
    system.o(.text) refers to stm32f10x_gpio.o(.text) for GPIO_PinRemapConfig
    system.o(.text) refers to stm32f10x_systick.o(.text) for SysTick_CLKSourceConfig
    system.o(.text) refers to stm32f10x_nvic.o(.text) for NVIC_SetVectorTable
    system.o(.text) refers to stm32f10x_flash.o(.text) for FLASH_SetLatency
    system.o(.text) refers to system.o(.data) for HSEStartUpStatus
    system.o(.text) refers to stm32f10x_tim.o(.text) for TIM_DeInit
    system.o(.text) refers to system.o(.bss) for TIM_TimeBaseStructure
    dac2526.o(.text) refers to stm32f10x_spi.o(.text) for SPI_I2S_GetFlagStatus
    dac2526.o(.text) refers to stm32f10x_gpio.o(.text) for GPIO_SetBits
    stm32f10x_vector.o(STACK) refers (Special) to heapauxi.o(.text) for __use_two_region_memory
    stm32f10x_vector.o(HEAP) refers (Special) to heapauxi.o(.text) for __use_two_region_memory
    stm32f10x_vector.o(RESET) refers (Special) to heapauxi.o(.text) for __use_two_region_memory
    stm32f10x_vector.o(RESET) refers to stm32f10x_vector.o(STACK) for __initial_sp
    stm32f10x_vector.o(RESET) refers to stm32f10x_vector.o(.text) for Reset_Handler
    stm32f10x_vector.o(RESET) refers to stm32f10x_it.o(.text) for NMIException
    stm32f10x_vector.o(.text) refers (Special) to heapauxi.o(.text) for __use_two_region_memory
    stm32f10x_vector.o(.text) refers to __main.o(!!!main) for __main
    stm32f10x_vector.o(.text) refers to stm32f10x_vector.o(HEAP) for Heap_Mem
    stm32f10x_vector.o(.text) refers to stm32f10x_vector.o(STACK) for Stack_Mem
    stm32f10x_can.o(.text) refers to stm32f10x_rcc.o(.text) for RCC_APB1PeriphResetCmd
    stm32f10x_gpio.o(.text) refers to stm32f10x_rcc.o(.text) for RCC_APB2PeriphResetCmd
    stm32f10x_nvic.o(.text) refers to cortexm3_macro.o(.text) for __SETPRIMASK
    stm32f10x_rcc.o(.text) refers to stm32f10x_rcc.o(.data) for HSEStatus
    stm32f10x_rcc.o(.text) refers to stm32f10x_rcc.o(.constdata) for APBAHBPrescTable
    stm32f10x_spi.o(.text) refers to stm32f10x_rcc.o(.text) for RCC_APB2PeriphResetCmd
    stm32f10x_tim.o(.text) refers to stm32f10x_rcc.o(.text) for RCC_APB2PeriphResetCmd
    stm32f10x_usart.o(.text) refers to stm32f10x_rcc.o(.text) for RCC_APB2PeriphResetCmd
    __main.o(!!!main) refers to __rtentry.o(.ARM.Collect$$rtentry$$00000000) for __rt_entry
    __rtentry.o(.ARM.Collect$$rtentry$$00000000) refers (Special) to __rtentry2.o(.ARM.Collect$$rtentry$$0000000A) for __rt_entry_li
    __rtentry.o(.ARM.Collect$$rtentry$$00000000) refers (Special) to __rtentry2.o(.ARM.Collect$$rtentry$$0000000D) for __rt_entry_main
    __rtentry.o(.ARM.Collect$$rtentry$$00000000) refers (Special) to __rtentry2.o(.ARM.Collect$$rtentry$$0000000C) for __rt_entry_postli_1
    __rtentry.o(.ARM.Collect$$rtentry$$00000000) refers (Special) to __rtentry2.o(.ARM.Collect$$rtentry$$00000009) for __rt_entry_postsh_1
    __rtentry.o(.ARM.Collect$$rtentry$$00000000) refers (Special) to __rtentry2.o(.ARM.Collect$$rtentry$$00000002) for __rt_entry_presh_1
    __rtentry.o(.ARM.Collect$$rtentry$$00000000) refers (Special) to __rtentry4.o(.ARM.Collect$$rtentry$$00000004) for __rt_entry_sh
    __rtentry2.o(.ARM.Collect$$rtentry$$00000008) refers to boardinit2.o(.text) for _platform_post_stackheap_init
    __rtentry2.o(.ARM.Collect$$rtentry$$0000000A) refers to libinit.o(.ARM.Collect$$libinit$$00000000) for __rt_lib_init
    __rtentry2.o(.ARM.Collect$$rtentry$$0000000B) refers to boardinit3.o(.text) for _platform_post_lib_init
    __rtentry2.o(.ARM.Collect$$rtentry$$0000000D) refers to main.o(.text) for main
    __rtentry2.o(.ARM.Collect$$rtentry$$0000000D) refers to exit.o(.text) for exit
    __rtentry2.o(.ARM.exidx) refers to __rtentry2.o(.ARM.Collect$$rtentry$$00000001) for .ARM.Collect$$rtentry$$00000001
    __rtentry2.o(.ARM.exidx) refers to __rtentry2.o(.ARM.Collect$$rtentry$$00000008) for .ARM.Collect$$rtentry$$00000008
    __rtentry2.o(.ARM.exidx) refers to __rtentry2.o(.ARM.Collect$$rtentry$$0000000A) for .ARM.Collect$$rtentry$$0000000A
    __rtentry2.o(.ARM.exidx) refers to __rtentry2.o(.ARM.Collect$$rtentry$$0000000B) for .ARM.Collect$$rtentry$$0000000B
    __rtentry2.o(.ARM.exidx) refers to __rtentry2.o(.ARM.Collect$$rtentry$$0000000D) for .ARM.Collect$$rtentry$$0000000D
    __rtentry4.o(.ARM.Collect$$rtentry$$00000004) refers to sys_stackheap_outer.o(.text) for __user_setup_stackheap
    __rtentry4.o(.ARM.exidx) refers to __rtentry4.o(.ARM.Collect$$rtentry$$00000004) for .ARM.Collect$$rtentry$$00000004
    sys_stackheap_outer.o(.text) refers to libspace.o(.text) for __user_perproc_libspace
    sys_stackheap_outer.o(.text) refers to stm32f10x_vector.o(.text) for __user_initial_stackheap
    exit.o(.text) refers to rtexit.o(.ARM.Collect$$rtexit$$00000000) for __rt_exit
    libinit.o(.ARM.Collect$$libinit$$00000000) refers (Special) to libinit2.o(.ARM.Collect$$libinit$$0000002E) for __rt_lib_init_alloca_1
    libinit.o(.ARM.Collect$$libinit$$00000000) refers (Special) to libinit2.o(.ARM.Collect$$libinit$$0000002C) for __rt_lib_init_argv_1
    libinit.o(.ARM.Collect$$libinit$$00000000) refers (Special) to libinit2.o(.ARM.Collect$$libinit$$0000001B) for __rt_lib_init_atexit_1
    libinit.o(.ARM.Collect$$libinit$$00000000) refers (Special) to libinit2.o(.ARM.Collect$$libinit$$00000021) for __rt_lib_init_clock_1
    libinit.o(.ARM.Collect$$libinit$$00000000) refers (Special) to libinit2.o(.ARM.Collect$$libinit$$00000032) for __rt_lib_init_cpp_1
    libinit.o(.ARM.Collect$$libinit$$00000000) refers (Special) to libinit2.o(.ARM.Collect$$libinit$$00000030) for __rt_lib_init_exceptions_1
    libinit.o(.ARM.Collect$$libinit$$00000000) refers (Special) to libinit2.o(.ARM.Collect$$libinit$$00000002) for __rt_lib_init_fp_1
    libinit.o(.ARM.Collect$$libinit$$00000000) refers (Special) to libinit2.o(.ARM.Collect$$libinit$$0000001F) for __rt_lib_init_fp_trap_1
    libinit.o(.ARM.Collect$$libinit$$00000000) refers (Special) to libinit2.o(.ARM.Collect$$libinit$$00000023) for __rt_lib_init_getenv_1
    libinit.o(.ARM.Collect$$libinit$$00000000) refers (Special) to libinit2.o(.ARM.Collect$$libinit$$0000000A) for __rt_lib_init_heap_1
    libinit.o(.ARM.Collect$$libinit$$00000000) refers (Special) to libinit2.o(.ARM.Collect$$libinit$$00000011) for __rt_lib_init_lc_collate_1
    libinit.o(.ARM.Collect$$libinit$$00000000) refers (Special) to libinit2.o(.ARM.Collect$$libinit$$00000013) for __rt_lib_init_lc_ctype_1
    libinit.o(.ARM.Collect$$libinit$$00000000) refers (Special) to libinit2.o(.ARM.Collect$$libinit$$00000015) for __rt_lib_init_lc_monetary_1
    libinit.o(.ARM.Collect$$libinit$$00000000) refers (Special) to libinit2.o(.ARM.Collect$$libinit$$00000017) for __rt_lib_init_lc_numeric_1
    libinit.o(.ARM.Collect$$libinit$$00000000) refers (Special) to libinit2.o(.ARM.Collect$$libinit$$00000019) for __rt_lib_init_lc_time_1
    libinit.o(.ARM.Collect$$libinit$$00000000) refers (Special) to libinit2.o(.ARM.Collect$$libinit$$00000004) for __rt_lib_init_preinit_1
    libinit.o(.ARM.Collect$$libinit$$00000000) refers (Special) to libinit2.o(.ARM.Collect$$libinit$$0000000E) for __rt_lib_init_rand_1
    libinit.o(.ARM.Collect$$libinit$$00000000) refers (Special) to libinit2.o(.ARM.Collect$$libinit$$00000033) for __rt_lib_init_return
    libinit.o(.ARM.Collect$$libinit$$00000000) refers (Special) to libinit2.o(.ARM.Collect$$libinit$$0000001D) for __rt_lib_init_signal_1
    libinit.o(.ARM.Collect$$libinit$$00000000) refers (Special) to libinit2.o(.ARM.Collect$$libinit$$00000025) for __rt_lib_init_stdio_1
    libinit.o(.ARM.Collect$$libinit$$00000000) refers (Special) to libinit2.o(.ARM.Collect$$libinit$$0000000C) for __rt_lib_init_user_alloc_1
    libspace.o(.text) refers to libspace.o(.bss) for __libspace_start
    rtexit.o(.ARM.Collect$$rtexit$$00000000) refers (Special) to rtexit2.o(.ARM.Collect$$rtexit$$00000004) for __rt_exit_exit
    rtexit.o(.ARM.Collect$$rtexit$$00000000) refers (Special) to rtexit2.o(.ARM.Collect$$rtexit$$00000003) for __rt_exit_ls
    rtexit.o(.ARM.Collect$$rtexit$$00000000) refers (Special) to rtexit2.o(.ARM.Collect$$rtexit$$00000002) for __rt_exit_prels_1
    rtexit.o(.ARM.exidx) refers (Special) to rtexit2.o(.ARM.Collect$$rtexit$$00000004) for __rt_exit_exit
    rtexit.o(.ARM.exidx) refers (Special) to rtexit2.o(.ARM.Collect$$rtexit$$00000003) for __rt_exit_ls
    rtexit.o(.ARM.exidx) refers (Special) to rtexit2.o(.ARM.Collect$$rtexit$$00000002) for __rt_exit_prels_1
    rtexit.o(.ARM.exidx) refers to rtexit.o(.ARM.Collect$$rtexit$$00000000) for .ARM.Collect$$rtexit$$00000000
    libinit2.o(.ARM.Collect$$libinit$$00000010) refers to libinit2.o(.ARM.Collect$$libinit$$0000000F) for .ARM.Collect$$libinit$$0000000F
    libinit2.o(.ARM.Collect$$libinit$$00000012) refers to libinit2.o(.ARM.Collect$$libinit$$0000000F) for .ARM.Collect$$libinit$$0000000F
    libinit2.o(.ARM.Collect$$libinit$$00000014) refers to libinit2.o(.ARM.Collect$$libinit$$0000000F) for .ARM.Collect$$libinit$$0000000F
    libinit2.o(.ARM.Collect$$libinit$$00000016) refers to libinit2.o(.ARM.Collect$$libinit$$0000000F) for .ARM.Collect$$libinit$$0000000F
    libinit2.o(.ARM.Collect$$libinit$$00000018) refers to libinit2.o(.ARM.Collect$$libinit$$0000000F) for .ARM.Collect$$libinit$$0000000F
    libinit2.o(.ARM.Collect$$libinit$$00000026) refers to argv_veneer.o(.emb_text) for __ARM_argv_veneer
    libinit2.o(.ARM.Collect$$libinit$$00000027) refers to argv_veneer.o(.emb_text) for __ARM_argv_veneer
    rtexit2.o(.ARM.Collect$$rtexit$$00000003) refers to libshutdown.o(.ARM.Collect$$libshutdown$$00000000) for __rt_lib_shutdown
    rtexit2.o(.ARM.Collect$$rtexit$$00000004) refers to sys_exit.o(.text) for _sys_exit
    rtexit2.o(.ARM.exidx) refers to rtexit2.o(.ARM.Collect$$rtexit$$00000001) for .ARM.Collect$$rtexit$$00000001
    rtexit2.o(.ARM.exidx) refers to rtexit2.o(.ARM.Collect$$rtexit$$00000003) for .ARM.Collect$$rtexit$$00000003
    rtexit2.o(.ARM.exidx) refers to rtexit2.o(.ARM.Collect$$rtexit$$00000004) for .ARM.Collect$$rtexit$$00000004
    argv_veneer.o(.emb_text) refers to no_argv.o(.text) for __ARM_get_argv
    sys_exit.o(.text) refers (Special) to use_no_semi.o(.text) for __I$use$semihosting
    sys_exit.o(.text) refers (Special) to indicate_semi.o(.text) for __semihosting_library_function
    _get_argv_nomalloc.o(.text) refers (Special) to hrguard.o(.text) for __heap_region$guard
    _get_argv_nomalloc.o(.text) refers to defsig_rtmem_outer.o(.text) for __rt_SIGRTMEM
    _get_argv_nomalloc.o(.text) refers to sys_command.o(.text) for _sys_command_string
    libshutdown.o(.ARM.Collect$$libshutdown$$00000000) refers (Special) to libshutdown2.o(.ARM.Collect$$libshutdown$$00000002) for __rt_lib_shutdown_cpp_1
    libshutdown.o(.ARM.Collect$$libshutdown$$00000000) refers (Special) to libshutdown2.o(.ARM.Collect$$libshutdown$$00000007) for __rt_lib_shutdown_fp_trap_1
    libshutdown.o(.ARM.Collect$$libshutdown$$00000000) refers (Special) to libshutdown2.o(.ARM.Collect$$libshutdown$$0000000F) for __rt_lib_shutdown_heap_1
    libshutdown.o(.ARM.Collect$$libshutdown$$00000000) refers (Special) to libshutdown2.o(.ARM.Collect$$libshutdown$$00000010) for __rt_lib_shutdown_return
    libshutdown.o(.ARM.Collect$$libshutdown$$00000000) refers (Special) to libshutdown2.o(.ARM.Collect$$libshutdown$$0000000A) for __rt_lib_shutdown_signal_1
    libshutdown.o(.ARM.Collect$$libshutdown$$00000000) refers (Special) to libshutdown2.o(.ARM.Collect$$libshutdown$$00000004) for __rt_lib_shutdown_stdio_1
    libshutdown.o(.ARM.Collect$$libshutdown$$00000000) refers (Special) to libshutdown2.o(.ARM.Collect$$libshutdown$$0000000C) for __rt_lib_shutdown_user_alloc_1
    sys_command.o(.text) refers (Special) to use_no_semi.o(.text) for __I$use$semihosting
    sys_command.o(.text) refers (Special) to indicate_semi.o(.text) for __semihosting_library_function
    defsig_rtmem_outer.o(.text) refers to defsig_rtmem_inner.o(.text) for __rt_SIGRTMEM_inner
    defsig_rtmem_outer.o(.text) refers to defsig_exit.o(.text) for __sig_exit
    defsig_rtmem_formal.o(.text) refers to rt_raise.o(.text) for __rt_raise
    rt_raise.o(.text) refers to __raise.o(.text) for __raise
    rt_raise.o(.text) refers to sys_exit.o(.text) for _sys_exit
    defsig_exit.o(.text) refers to sys_exit.o(.text) for _sys_exit
    defsig_rtmem_inner.o(.text) refers to defsig_general.o(.text) for __default_signal_display
    __raise.o(.text) refers to defsig.o(CL$$defsig) for __default_signal_handler
    defsig_general.o(.text) refers to sys_wrch.o(.text) for _ttywrch
    sys_wrch.o(.text) refers (Special) to use_no_semi.o(.text) for __I$use$semihosting
    sys_wrch.o(.text) refers (Special) to indicate_semi.o(.text) for __semihosting_library_function
    defsig.o(CL$$defsig) refers to defsig_rtmem_inner.o(.text) for __rt_SIGRTMEM_inner
    defsig_abrt_inner.o(.text) refers to defsig_general.o(.text) for __default_signal_display
    defsig_fpe_inner.o(.text) refers to defsig_general.o(.text) for __default_signal_display
    defsig_rtred_inner.o(.text) refers to defsig_general.o(.text) for __default_signal_display
    defsig_stak_inner.o(.text) refers to defsig_general.o(.text) for __default_signal_display
    defsig_pvfn_inner.o(.text) refers to defsig_general.o(.text) for __default_signal_display
    defsig_cppl_inner.o(.text) refers to defsig_general.o(.text) for __default_signal_display
    defsig_segv_inner.o(.text) refers to defsig_general.o(.text) for __default_signal_display
    defsig_other.o(.text) refers to defsig_general.o(.text) for __default_signal_display


==============================================================================

Removing Unused input sections from the image.

    Removing stm32f10x_fsmc.o(.text), (1556 bytes).

1 unused section(s) (total 1556 bytes) removed from the image.

==============================================================================

Image Symbol Table

    Local Symbols

    Symbol Name                              Value     Ov Type        Size  Object(Section)

    ../clib/angel/boardlib.s                 0x00000000   Number         0  boardinit2.o ABSOLUTE
    ../clib/angel/boardlib.s                 0x00000000   Number         0  boardshut.o ABSOLUTE
    ../clib/angel/boardlib.s                 0x00000000   Number         0  boardinit3.o ABSOLUTE
    ../clib/angel/boardlib.s                 0x00000000   Number         0  boardinit1.o ABSOLUTE
    ../clib/angel/dczerorl.s                 0x00000000   Number         0  __dczerorl.o ABSOLUTE
    ../clib/angel/handlers.s                 0x00000000   Number         0  __scatter_zi.o ABSOLUTE
    ../clib/angel/kernel.s                   0x00000000   Number         0  __rtentry4.o ABSOLUTE
    ../clib/angel/kernel.s                   0x00000000   Number         0  __rtentry.o ABSOLUTE
    ../clib/angel/kernel.s                   0x00000000   Number         0  __rtentry2.o ABSOLUTE
    ../clib/angel/kernel.s                   0x00000000   Number         0  rtexit2.o ABSOLUTE
    ../clib/angel/kernel.s                   0x00000000   Number         0  rtexit.o ABSOLUTE
    ../clib/angel/rt.s                       0x00000000   Number         0  rt_raise.o ABSOLUTE
    ../clib/angel/scatter.s                  0x00000000   Number         0  __scatter.o ABSOLUTE
    ../clib/angel/startup.s                  0x00000000   Number         0  __main.o ABSOLUTE
    ../clib/angel/sys.s                      0x00000000   Number         0  indicate_semi.o ABSOLUTE
    ../clib/angel/sys.s                      0x00000000   Number         0  use_no_semi.o ABSOLUTE
    ../clib/angel/sys.s                      0x00000000   Number         0  libspace.o ABSOLUTE
    ../clib/angel/sys.s                      0x00000000   Number         0  sys_stackheap_outer.o ABSOLUTE
    ../clib/angel/sysapp.c                   0x00000000   Number         0  sys_exit.o ABSOLUTE
    ../clib/angel/sysapp.c                   0x00000000   Number         0  sys_wrch.o ABSOLUTE
    ../clib/angel/sysapp.c                   0x00000000   Number         0  sys_command.o ABSOLUTE
    ../clib/armsys.c                         0x00000000   Number         0  argv_veneer.o ABSOLUTE
    ../clib/armsys.c                         0x00000000   Number         0  argv_veneer.o ABSOLUTE
    ../clib/armsys.c                         0x00000000   Number         0  _get_argv_nomalloc.o ABSOLUTE
    ../clib/armsys.c                         0x00000000   Number         0  no_argv.o ABSOLUTE
    ../clib/heapalloc.c                      0x00000000   Number         0  hrguard.o ABSOLUTE
    ../clib/heapaux.c                        0x00000000   Number         0  heapauxi.o ABSOLUTE
    ../clib/libinit.s                        0x00000000   Number         0  libinit2.o ABSOLUTE
    ../clib/libinit.s                        0x00000000   Number         0  libinit.o ABSOLUTE
    ../clib/libinit.s                        0x00000000   Number         0  libshutdown2.o ABSOLUTE
    ../clib/libinit.s                        0x00000000   Number         0  libshutdown.o ABSOLUTE
    ../clib/signal.c                         0x00000000   Number         0  defsig_fpe_inner.o ABSOLUTE
    ../clib/signal.c                         0x00000000   Number         0  defsig_pvfn_inner.o ABSOLUTE
    ../clib/signal.c                         0x00000000   Number         0  defsig_stak_inner.o ABSOLUTE
    ../clib/signal.c                         0x00000000   Number         0  defsig_rtred_inner.o ABSOLUTE
    ../clib/signal.c                         0x00000000   Number         0  defsig_abrt_inner.o ABSOLUTE
    ../clib/signal.c                         0x00000000   Number         0  defsig_general.o ABSOLUTE
    ../clib/signal.c                         0x00000000   Number         0  __raise.o ABSOLUTE
    ../clib/signal.c                         0x00000000   Number         0  defsig_rtmem_inner.o ABSOLUTE
    ../clib/signal.c                         0x00000000   Number         0  defsig_rtmem_formal.o ABSOLUTE
    ../clib/signal.c                         0x00000000   Number         0  defsig_rtmem_outer.o ABSOLUTE
    ../clib/signal.c                         0x00000000   Number         0  defsig_other.o ABSOLUTE
    ../clib/signal.c                         0x00000000   Number         0  defsig_segv_inner.o ABSOLUTE
    ../clib/signal.c                         0x00000000   Number         0  defsig_cppl_inner.o ABSOLUTE
    ../clib/signal.c                         0x00000000   Number         0  defsig_exit.o ABSOLUTE
    ../clib/signal.s                         0x00000000   Number         0  defsig.o ABSOLUTE
    ../clib/stdlib.c                         0x00000000   Number         0  exit.o ABSOLUTE
    ../fplib/fpinit.s                        0x00000000   Number         0  fpinit.o ABSOLUTE
    ..\..\common\src\STM32F10X_TIM.C         0x00000000   Number         0  stm32f10x_tim.o ABSOLUTE
    ..\..\common\src\cortexm3_macro.s        0x00000000   Number         0  cortexm3_macro.o ABSOLUTE
    ..\..\common\src\stm32f10x_can.c         0x00000000   Number         0  stm32f10x_can.o ABSOLUTE
    ..\..\common\src\stm32f10x_flash.c       0x00000000   Number         0  stm32f10x_flash.o ABSOLUTE
    ..\..\common\src\stm32f10x_fsmc.c        0x00000000   Number         0  stm32f10x_fsmc.o ABSOLUTE
    ..\..\common\src\stm32f10x_gpio.c        0x00000000   Number         0  stm32f10x_gpio.o ABSOLUTE
    ..\..\common\src\stm32f10x_lib.c         0x00000000   Number         0  stm32f10x_lib.o ABSOLUTE
    ..\..\common\src\stm32f10x_nvic.c        0x00000000   Number         0  stm32f10x_nvic.o ABSOLUTE
    ..\..\common\src\stm32f10x_rcc.c         0x00000000   Number         0  stm32f10x_rcc.o ABSOLUTE
    ..\..\common\src\stm32f10x_spi.c         0x00000000   Number         0  stm32f10x_spi.o ABSOLUTE
    ..\..\common\src\stm32f10x_systick.c     0x00000000   Number         0  stm32f10x_systick.o ABSOLUTE
    ..\..\common\src\stm32f10x_usart.c       0x00000000   Number         0  stm32f10x_usart.o ABSOLUTE
    ..\..\common\startup\stm32f10x_vector.s  0x00000000   Number         0  stm32f10x_vector.o ABSOLUTE
    ..\src\DAC2526.c                         0x00000000   Number         0  dac2526.o ABSOLUTE
    ..\src\MAIN.C                            0x00000000   Number         0  main.o ABSOLUTE
    ..\src\STM32F10X_IT.C                    0x00000000   Number         0  stm32f10x_it.o ABSOLUTE
    ..\src\STM32_Init.c                      0x00000000   Number         0  stm32_init.o ABSOLUTE
    ..\src\Stimulation.c                     0x00000000   Number         0  stimulation.o ABSOLUTE
    ..\src\System.c                          0x00000000   Number         0  system.o ABSOLUTE
    dc.s                                     0x00000000   Number         0  dc.o ABSOLUTE
    RESET                                    0x08000000   Section      304  stm32f10x_vector.o(RESET)
    !!!main                                  0x08000130   Section        8  __main.o(!!!main)
    !!!scatter                               0x08000138   Section       52  __scatter.o(!!!scatter)
    !!dczerorl                               0x0800016c   Section       58  __dczerorl.o(!!dczerorl)
    !!handler_zi                             0x080001a8   Section       28  __scatter_zi.o(!!handler_zi)
    .ARM.Collect$$libinit$$00000000          0x080001c4   Section        2  libinit.o(.ARM.Collect$$libinit$$00000000)
    .ARM.Collect$$libinit$$00000002          0x080001c6   Section        0  libinit2.o(.ARM.Collect$$libinit$$00000002)
    .ARM.Collect$$libinit$$00000004          0x080001c6   Section        0  libinit2.o(.ARM.Collect$$libinit$$00000004)
    .ARM.Collect$$libinit$$0000000A          0x080001c6   Section        0  libinit2.o(.ARM.Collect$$libinit$$0000000A)
    .ARM.Collect$$libinit$$0000000C          0x080001c6   Section        0  libinit2.o(.ARM.Collect$$libinit$$0000000C)
    .ARM.Collect$$libinit$$0000000E          0x080001c6   Section        0  libinit2.o(.ARM.Collect$$libinit$$0000000E)
    .ARM.Collect$$libinit$$00000011          0x080001c6   Section        0  libinit2.o(.ARM.Collect$$libinit$$00000011)
    .ARM.Collect$$libinit$$00000013          0x080001c6   Section        0  libinit2.o(.ARM.Collect$$libinit$$00000013)
    .ARM.Collect$$libinit$$00000015          0x080001c6   Section        0  libinit2.o(.ARM.Collect$$libinit$$00000015)
    .ARM.Collect$$libinit$$00000017          0x080001c6   Section        0  libinit2.o(.ARM.Collect$$libinit$$00000017)
    .ARM.Collect$$libinit$$00000019          0x080001c6   Section        0  libinit2.o(.ARM.Collect$$libinit$$00000019)
    .ARM.Collect$$libinit$$0000001B          0x080001c6   Section        0  libinit2.o(.ARM.Collect$$libinit$$0000001B)
    .ARM.Collect$$libinit$$0000001D          0x080001c6   Section        0  libinit2.o(.ARM.Collect$$libinit$$0000001D)
    .ARM.Collect$$libinit$$0000001F          0x080001c6   Section        0  libinit2.o(.ARM.Collect$$libinit$$0000001F)
    .ARM.Collect$$libinit$$00000021          0x080001c6   Section        0  libinit2.o(.ARM.Collect$$libinit$$00000021)
    .ARM.Collect$$libinit$$00000023          0x080001c6   Section        0  libinit2.o(.ARM.Collect$$libinit$$00000023)
    .ARM.Collect$$libinit$$00000025          0x080001c6   Section        0  libinit2.o(.ARM.Collect$$libinit$$00000025)
    .ARM.Collect$$libinit$$0000002C          0x080001c6   Section        0  libinit2.o(.ARM.Collect$$libinit$$0000002C)
    .ARM.Collect$$libinit$$0000002E          0x080001c6   Section        0  libinit2.o(.ARM.Collect$$libinit$$0000002E)
    .ARM.Collect$$libinit$$00000030          0x080001c6   Section        0  libinit2.o(.ARM.Collect$$libinit$$00000030)
    .ARM.Collect$$libinit$$00000032          0x080001c6   Section        0  libinit2.o(.ARM.Collect$$libinit$$00000032)
    .ARM.Collect$$libinit$$00000033          0x080001c6   Section        2  libinit2.o(.ARM.Collect$$libinit$$00000033)
    .ARM.Collect$$libshutdown$$00000000      0x080001c8   Section        2  libshutdown.o(.ARM.Collect$$libshutdown$$00000000)
    .ARM.Collect$$libshutdown$$00000002      0x080001ca   Section        0  libshutdown2.o(.ARM.Collect$$libshutdown$$00000002)
    .ARM.Collect$$libshutdown$$00000004      0x080001ca   Section        0  libshutdown2.o(.ARM.Collect$$libshutdown$$00000004)
    .ARM.Collect$$libshutdown$$00000007      0x080001ca   Section        0  libshutdown2.o(.ARM.Collect$$libshutdown$$00000007)
    .ARM.Collect$$libshutdown$$0000000A      0x080001ca   Section        0  libshutdown2.o(.ARM.Collect$$libshutdown$$0000000A)
    .ARM.Collect$$libshutdown$$0000000C      0x080001ca   Section        0  libshutdown2.o(.ARM.Collect$$libshutdown$$0000000C)
    .ARM.Collect$$libshutdown$$0000000F      0x080001ca   Section        0  libshutdown2.o(.ARM.Collect$$libshutdown$$0000000F)
    .ARM.Collect$$libshutdown$$00000010      0x080001ca   Section        2  libshutdown2.o(.ARM.Collect$$libshutdown$$00000010)
    .ARM.Collect$$rtentry$$00000000          0x080001cc   Section        0  __rtentry.o(.ARM.Collect$$rtentry$$00000000)
    .ARM.Collect$$rtentry$$00000002          0x080001cc   Section        0  __rtentry2.o(.ARM.Collect$$rtentry$$00000002)
    .ARM.Collect$$rtentry$$00000004          0x080001cc   Section        6  __rtentry4.o(.ARM.Collect$$rtentry$$00000004)
    .ARM.Collect$$rtentry$$00000009          0x080001d2   Section        0  __rtentry2.o(.ARM.Collect$$rtentry$$00000009)
    .ARM.Collect$$rtentry$$0000000A          0x080001d2   Section        4  __rtentry2.o(.ARM.Collect$$rtentry$$0000000A)
    .ARM.Collect$$rtentry$$0000000C          0x080001d6   Section        0  __rtentry2.o(.ARM.Collect$$rtentry$$0000000C)
    .ARM.Collect$$rtentry$$0000000D          0x080001d6   Section        8  __rtentry2.o(.ARM.Collect$$rtentry$$0000000D)
    .ARM.Collect$$rtexit$$00000000           0x080001de   Section        2  rtexit.o(.ARM.Collect$$rtexit$$00000000)
    .ARM.Collect$$rtexit$$00000002           0x080001e0   Section        0  rtexit2.o(.ARM.Collect$$rtexit$$00000002)
    .ARM.Collect$$rtexit$$00000003           0x080001e0   Section        4  rtexit2.o(.ARM.Collect$$rtexit$$00000003)
    .ARM.Collect$$rtexit$$00000004           0x080001e4   Section        6  rtexit2.o(.ARM.Collect$$rtexit$$00000004)
    .text                                    0x080001ec   Section        0  main.o(.text)
    .text                                    0x08000480   Section        0  stimulation.o(.text)
    .text                                    0x08000928   Section        0  stm32_init.o(.text)
    .text                                    0x080009ac   Section        0  stm32f10x_it.o(.text)
    .text                                    0x08001210   Section        0  system.o(.text)
    .text                                    0x080017cc   Section        0  dac2526.o(.text)
    .text                                    0x08001950   Section       36  stm32f10x_vector.o(.text)
    .text                                    0x08001974   Section      122  cortexm3_macro.o(.text)
    .text                                    0x080019f0   Section        0  stm32f10x_can.o(.text)
    CheckITStatus                            0x0800201b   Thumb Code    18  stm32f10x_can.o(.text)
    .text                                    0x08002270   Section        0  stm32f10x_flash.o(.text)
    .text                                    0x080022b8   Section        0  stm32f10x_gpio.o(.text)
    .text                                    0x080025e4   Section        0  stm32f10x_nvic.o(.text)
    .text                                    0x080029bc   Section        0  stm32f10x_rcc.o(.text)
    .text                                    0x08002d6c   Section        0  stm32f10x_spi.o(.text)
    .text                                    0x080030a4   Section        0  stm32f10x_tim.o(.text)
    TI4_Config                               0x080033c3   Thumb Code    82  stm32f10x_tim.o(.text)
    TI3_Config                               0x08003427   Thumb Code    72  stm32f10x_tim.o(.text)
    TI2_Config                               0x08003499   Thumb Code    80  stm32f10x_tim.o(.text)
    TI1_Config                               0x080034fb   Thumb Code    56  stm32f10x_tim.o(.text)
    .text                                    0x08003c50   Section        0  stm32f10x_usart.o(.text)
    .text                                    0x08003fc4   Section        0  stm32f10x_systick.o(.text)
    .text                                    0x08004086   Section        0  heapauxi.o(.text)
    .text                                    0x0800408c   Section       74  sys_stackheap_outer.o(.text)
    .text                                    0x080040d6   Section        0  exit.o(.text)
    .text                                    0x080040e8   Section        8  libspace.o(.text)
    .text                                    0x080040f0   Section        0  sys_exit.o(.text)
    .text                                    0x080040fc   Section        2  use_no_semi.o(.text)
    .constdata                               0x080040fe   Section       20  stm32f10x_rcc.o(.constdata)
    .text                                    0x080040fe   Section        0  indicate_semi.o(.text)
    APBAHBPrescTable                         0x080040fe   Data          16  stm32f10x_rcc.o(.constdata)
    ADCPrescTable                            0x0800410e   Data           4  stm32f10x_rcc.o(.constdata)
    .data                                    0x20000000   Section       38  main.o(.data)
    Frequncy                                 0x20000024   Data           2  main.o(.data)
    .data                                    0x20000028   Section      256  stimulation.o(.data)
    Frequncy                                 0x20000126   Data           2  stimulation.o(.data)
    .data                                    0x20000128   Section        3  stm32f10x_it.o(.data)
    .data                                    0x2000012c   Section        5  system.o(.data)
    .data                                    0x20000134   Section        8  stm32f10x_rcc.o(.data)
    HSEStatus                                0x20000134   Data           1  stm32f10x_rcc.o(.data)
    StartUpCounter                           0x20000138   Data           4  stm32f10x_rcc.o(.data)
    .bss                                     0x2000013c   Section     3088  main.o(.bss)
    .bss                                     0x20000d4c   Section       20  stm32f10x_it.o(.bss)
    .bss                                     0x20000d60   Section       26  system.o(.bss)
    .bss                                     0x20000d7c   Section       96  libspace.o(.bss)
    HEAP                                     0x20000de0   Section     1024  stm32f10x_vector.o(HEAP)
    Heap_Mem                                 0x20000de0   Data        1024  stm32f10x_vector.o(HEAP)
    STACK                                    0x200011e0   Section     1024  stm32f10x_vector.o(STACK)
    Stack_Mem                                0x200011e0   Data        1024  stm32f10x_vector.o(STACK)
    __initial_sp                             0x200015e0   Data           0  stm32f10x_vector.o(STACK)

    Global Symbols

    Symbol Name                              Value     Ov Type        Size  Object(Section)

    BuildAttributes$$THM_ISAv4$P$D$K$B$S$PE$A:L22UL41UL21$X:L11$S22US41US21$IEEE1$IW$USESV6$~STKCKD$USESV7$~SHL$OSPACE$ROPI$EBA8$UX$STANDARDLIB$REQ8$PRES8$EABIv2 0x00000000   Number         0  anon$$obj.o ABSOLUTE
    __ARM_use_no_argv                        0x00000000   Number         0  main.o ABSOLUTE
    __ARM_exceptions_init                     - Undefined Weak Reference
    __alloca_initialize                       - Undefined Weak Reference
    __arm_preinit_                            - Undefined Weak Reference
    __cpp_initialize__aeabi_                  - Undefined Weak Reference
    __cxa_finalize                            - Undefined Weak Reference
    __rt_locale                               - Undefined Weak Reference
    __sigvec_lookup                           - Undefined Weak Reference
    _atexit_init                              - Undefined Weak Reference
    _call_atexit_fns                          - Undefined Weak Reference
    _clock_init                               - Undefined Weak Reference
    _fp_trap_init                             - Undefined Weak Reference
    _fp_trap_shutdown                         - Undefined Weak Reference
    _get_lc_collate                           - Undefined Weak Reference
    _get_lc_ctype                             - Undefined Weak Reference
    _get_lc_monetary                          - Undefined Weak Reference
    _get_lc_numeric                           - Undefined Weak Reference
    _get_lc_time                              - Undefined Weak Reference
    _getenv_init                              - Undefined Weak Reference
    _handle_redirection                       - Undefined Weak Reference
    _init_alloc                               - Undefined Weak Reference
    _init_user_alloc                          - Undefined Weak Reference
    _initio                                   - Undefined Weak Reference
    _rand_init                                - Undefined Weak Reference
    _signal_finish                            - Undefined Weak Reference
    _signal_init                              - Undefined Weak Reference
    _terminate_alloc                          - Undefined Weak Reference
    _terminate_user_alloc                     - Undefined Weak Reference
    _terminateio                              - Undefined Weak Reference
    __Vectors                                0x08000000   Data           4  stm32f10x_vector.o(RESET)
    __main                                   0x08000131   Thumb Code     8  __main.o(!!!main)
    __scatterload                            0x08000139   Thumb Code     0  __scatter.o(!!!scatter)
    __scatterload_rt2                        0x08000139   Thumb Code    44  __scatter.o(!!!scatter)
    __scatterload_rt2_thumb_only             0x08000139   Thumb Code     0  __scatter.o(!!!scatter)
    __scatterload_null                       0x08000147   Thumb Code     0  __scatter.o(!!!scatter)
    __decompress                             0x0800016d   Thumb Code    58  __dczerorl.o(!!dczerorl)
    __decompress0                            0x0800016d   Thumb Code     0  __dczerorl.o(!!dczerorl)
    __scatterload_zeroinit                   0x080001a9   Thumb Code    28  __scatter_zi.o(!!handler_zi)
    __rt_lib_init                            0x080001c5   Thumb Code     0  libinit.o(.ARM.Collect$$libinit$$00000000)
    __rt_lib_init_alloca_1                   0x080001c7   Thumb Code     0  libinit2.o(.ARM.Collect$$libinit$$0000002E)
    __rt_lib_init_argv_1                     0x080001c7   Thumb Code     0  libinit2.o(.ARM.Collect$$libinit$$0000002C)
    __rt_lib_init_atexit_1                   0x080001c7   Thumb Code     0  libinit2.o(.ARM.Collect$$libinit$$0000001B)
    __rt_lib_init_clock_1                    0x080001c7   Thumb Code     0  libinit2.o(.ARM.Collect$$libinit$$00000021)
    __rt_lib_init_cpp_1                      0x080001c7   Thumb Code     0  libinit2.o(.ARM.Collect$$libinit$$00000032)
    __rt_lib_init_exceptions_1               0x080001c7   Thumb Code     0  libinit2.o(.ARM.Collect$$libinit$$00000030)
    __rt_lib_init_fp_1                       0x080001c7   Thumb Code     0  libinit2.o(.ARM.Collect$$libinit$$00000002)
    __rt_lib_init_fp_trap_1                  0x080001c7   Thumb Code     0  libinit2.o(.ARM.Collect$$libinit$$0000001F)
    __rt_lib_init_getenv_1                   0x080001c7   Thumb Code     0  libinit2.o(.ARM.Collect$$libinit$$00000023)
    __rt_lib_init_heap_1                     0x080001c7   Thumb Code     0  libinit2.o(.ARM.Collect$$libinit$$0000000A)
    __rt_lib_init_lc_collate_1               0x080001c7   Thumb Code     0  libinit2.o(.ARM.Collect$$libinit$$00000011)
    __rt_lib_init_lc_ctype_1                 0x080001c7   Thumb Code     0  libinit2.o(.ARM.Collect$$libinit$$00000013)
    __rt_lib_init_lc_monetary_1              0x080001c7   Thumb Code     0  libinit2.o(.ARM.Collect$$libinit$$00000015)
    __rt_lib_init_lc_numeric_1               0x080001c7   Thumb Code     0  libinit2.o(.ARM.Collect$$libinit$$00000017)
    __rt_lib_init_lc_time_1                  0x080001c7   Thumb Code     0  libinit2.o(.ARM.Collect$$libinit$$00000019)
    __rt_lib_init_preinit_1                  0x080001c7   Thumb Code     0  libinit2.o(.ARM.Collect$$libinit$$00000004)
    __rt_lib_init_rand_1                     0x080001c7   Thumb Code     0  libinit2.o(.ARM.Collect$$libinit$$0000000E)
    __rt_lib_init_return                     0x080001c7   Thumb Code     0  libinit2.o(.ARM.Collect$$libinit$$00000033)
    __rt_lib_init_signal_1                   0x080001c7   Thumb Code     0  libinit2.o(.ARM.Collect$$libinit$$0000001D)
    __rt_lib_init_stdio_1                    0x080001c7   Thumb Code     0  libinit2.o(.ARM.Collect$$libinit$$00000025)
    __rt_lib_init_user_alloc_1               0x080001c7   Thumb Code     0  libinit2.o(.ARM.Collect$$libinit$$0000000C)
    __rt_lib_shutdown                        0x080001c9   Thumb Code     0  libshutdown.o(.ARM.Collect$$libshutdown$$00000000)
    __rt_lib_shutdown_cpp_1                  0x080001cb   Thumb Code     0  libshutdown2.o(.ARM.Collect$$libshutdown$$00000002)
    __rt_lib_shutdown_fp_trap_1              0x080001cb   Thumb Code     0  libshutdown2.o(.ARM.Collect$$libshutdown$$00000007)
    __rt_lib_shutdown_heap_1                 0x080001cb   Thumb Code     0  libshutdown2.o(.ARM.Collect$$libshutdown$$0000000F)
    __rt_lib_shutdown_return                 0x080001cb   Thumb Code     0  libshutdown2.o(.ARM.Collect$$libshutdown$$00000010)
    __rt_lib_shutdown_signal_1               0x080001cb   Thumb Code     0  libshutdown2.o(.ARM.Collect$$libshutdown$$0000000A)
    __rt_lib_shutdown_stdio_1                0x080001cb   Thumb Code     0  libshutdown2.o(.ARM.Collect$$libshutdown$$00000004)
    __rt_lib_shutdown_user_alloc_1           0x080001cb   Thumb Code     0  libshutdown2.o(.ARM.Collect$$libshutdown$$0000000C)
    __rt_entry                               0x080001cd   Thumb Code     0  __rtentry.o(.ARM.Collect$$rtentry$$00000000)
    __rt_entry_presh_1                       0x080001cd   Thumb Code     0  __rtentry2.o(.ARM.Collect$$rtentry$$00000002)
    __rt_entry_sh                            0x080001cd   Thumb Code     0  __rtentry4.o(.ARM.Collect$$rtentry$$00000004)
    __rt_entry_li                            0x080001d3   Thumb Code     0  __rtentry2.o(.ARM.Collect$$rtentry$$0000000A)
    __rt_entry_postsh_1                      0x080001d3   Thumb Code     0  __rtentry2.o(.ARM.Collect$$rtentry$$00000009)
    __rt_entry_main                          0x080001d7   Thumb Code     0  __rtentry2.o(.ARM.Collect$$rtentry$$0000000D)
    __rt_entry_postli_1                      0x080001d7   Thumb Code     0  __rtentry2.o(.ARM.Collect$$rtentry$$0000000C)
    __rt_exit                                0x080001df   Thumb Code     0  rtexit.o(.ARM.Collect$$rtexit$$00000000)
    __rt_exit_ls                             0x080001e1   Thumb Code     0  rtexit2.o(.ARM.Collect$$rtexit$$00000003)
    __rt_exit_prels_1                        0x080001e1   Thumb Code     0  rtexit2.o(.ARM.Collect$$rtexit$$00000002)
    __rt_exit_exit                           0x080001e5   Thumb Code     0  rtexit2.o(.ARM.Collect$$rtexit$$00000004)
    main                                     0x080001ed   Thumb Code   586  main.o(.text)
    Stimulation_SingleSFS                    0x08000481   Thumb Code   192  stimulation.o(.text)
    ChangeAmplifer                           0x08000541   Thumb Code   310  stimulation.o(.text)
    Stimulation_Single                       0x08000677   Thumb Code   280  stimulation.o(.text)
    stimulationTrain                         0x0800078f   Thumb Code   138  stimulation.o(.text)
    stiumlationRun                           0x08000819   Thumb Code   268  stimulation.o(.text)
    stm32_Init                               0x08000929   Thumb Code    96  stm32_init.o(.text)
    stm32_GetPCLK1                           0x08000989   Thumb Code     4  stm32_init.o(.text)
    stm32_GetPCLK2                           0x0800098d   Thumb Code     4  stm32_init.o(.text)
    NMIException                             0x080009ad   Thumb Code     2  stm32f10x_it.o(.text)
    NMI_Handler                              0x080009ad   Thumb Code     0  stm32f10x_it.o(.text)
    HardFaultException                       0x080009af   Thumb Code     4  stm32f10x_it.o(.text)
    HardFault_Handler                        0x080009af   Thumb Code     0  stm32f10x_it.o(.text)
    MemManageException                       0x080009b3   Thumb Code     4  stm32f10x_it.o(.text)
    MemManage_Handler                        0x080009b3   Thumb Code     0  stm32f10x_it.o(.text)
    BusFaultException                        0x080009b7   Thumb Code     4  stm32f10x_it.o(.text)
    BusFault_Handler                         0x080009b7   Thumb Code     0  stm32f10x_it.o(.text)
    UsageFaultException                      0x080009bb   Thumb Code     4  stm32f10x_it.o(.text)
    UsageFault_Handler                       0x080009bb   Thumb Code     0  stm32f10x_it.o(.text)
    DebugMon_Handler                         0x080009bf   Thumb Code     0  stm32f10x_it.o(.text)
    DebugMonitor                             0x080009bf   Thumb Code     2  stm32f10x_it.o(.text)
    SVCHandler                               0x080009c1   Thumb Code     2  stm32f10x_it.o(.text)
    SVC_Handler                              0x080009c1   Thumb Code     0  stm32f10x_it.o(.text)
    PendSVC                                  0x080009c3   Thumb Code     2  stm32f10x_it.o(.text)
    PendSV_Handler                           0x080009c3   Thumb Code     0  stm32f10x_it.o(.text)
    SysTickHandler                           0x080009c5   Thumb Code     8  stm32f10x_it.o(.text)
    SysTick_Handler                          0x080009c5   Thumb Code     0  stm32f10x_it.o(.text)
    WWDG_IRQHandler                          0x080009cd   Thumb Code     2  stm32f10x_it.o(.text)
    PVD_IRQHandler                           0x080009cf   Thumb Code     2  stm32f10x_it.o(.text)
    TAMPER_IRQHandler                        0x080009d1   Thumb Code     2  stm32f10x_it.o(.text)
    RTC_IRQHandler                           0x080009d3   Thumb Code     2  stm32f10x_it.o(.text)
    FLASH_IRQHandler                         0x080009d5   Thumb Code     2  stm32f10x_it.o(.text)
    RCC_IRQHandler                           0x080009d7   Thumb Code     2  stm32f10x_it.o(.text)
    EXTI0_IRQHandler                         0x080009d9   Thumb Code     2  stm32f10x_it.o(.text)
    EXTI1_IRQHandler                         0x080009db   Thumb Code     2  stm32f10x_it.o(.text)
    EXTI2_IRQHandler                         0x080009dd   Thumb Code     2  stm32f10x_it.o(.text)
    EXTI3_IRQHandler                         0x080009df   Thumb Code     2  stm32f10x_it.o(.text)
    EXTI4_IRQHandler                         0x080009e1   Thumb Code     2  stm32f10x_it.o(.text)
    DMA1_Channel1_IRQHandler                 0x080009e3   Thumb Code     2  stm32f10x_it.o(.text)
    DMA1_Channel2_IRQHandler                 0x080009e5   Thumb Code     2  stm32f10x_it.o(.text)
    DMA1_Channel3_IRQHandler                 0x080009e7   Thumb Code     2  stm32f10x_it.o(.text)
    DMA1_Channel4_IRQHandler                 0x080009e9   Thumb Code     2  stm32f10x_it.o(.text)
    DMA1_Channel5_IRQHandler                 0x080009eb   Thumb Code     2  stm32f10x_it.o(.text)
    DMA1_Channel6_IRQHandler                 0x080009ed   Thumb Code     2  stm32f10x_it.o(.text)
    DMA1_Channel7_IRQHandler                 0x080009ef   Thumb Code     2  stm32f10x_it.o(.text)
    ADC1_2_IRQHandler                        0x080009f1   Thumb Code     2  stm32f10x_it.o(.text)
    USB_HP_CAN_TX_IRQHandler                 0x080009f3   Thumb Code     2  stm32f10x_it.o(.text)
    USB_LP_CAN_RX0_IRQHandler                0x080009f5   Thumb Code   334  stm32f10x_it.o(.text)
    CAN_RX1_IRQHandler                       0x08000b43   Thumb Code     2  stm32f10x_it.o(.text)
    CAN_SCE_IRQHandler                       0x08000b45   Thumb Code     2  stm32f10x_it.o(.text)
    EXTI9_5_IRQHandler                       0x08000b47   Thumb Code     2  stm32f10x_it.o(.text)
    TIM1_BRK_IRQHandler                      0x08000b49   Thumb Code     2  stm32f10x_it.o(.text)
    TIM1_UP_IRQHandler                       0x08000b4b   Thumb Code     2  stm32f10x_it.o(.text)
    TIM1_TRG_COM_IRQHandler                  0x08000b4d   Thumb Code     2  stm32f10x_it.o(.text)
    TIM1_CC_IRQHandler                       0x08000b4f   Thumb Code     2  stm32f10x_it.o(.text)
    TIM2_IRQHandler                          0x08000b51   Thumb Code    28  stm32f10x_it.o(.text)
    TIM3_IRQHandler                          0x08000b6d   Thumb Code     2  stm32f10x_it.o(.text)
    TIM4_IRQHandler                          0x08000b6f   Thumb Code     2  stm32f10x_it.o(.text)
    I2C1_EV_IRQHandler                       0x08000b71   Thumb Code     2  stm32f10x_it.o(.text)
    I2C1_ER_IRQHandler                       0x08000b73   Thumb Code     2  stm32f10x_it.o(.text)
    I2C2_EV_IRQHandler                       0x08000b75   Thumb Code     2  stm32f10x_it.o(.text)
    I2C2_ER_IRQHandler                       0x08000b77   Thumb Code     2  stm32f10x_it.o(.text)
    SPI1_IRQHandler                          0x08000b79   Thumb Code     2  stm32f10x_it.o(.text)
    SPI2_IRQHandler                          0x08000b7b   Thumb Code     2  stm32f10x_it.o(.text)
    USART1_IRQHandler                        0x08000b7d   Thumb Code   402  stm32f10x_it.o(.text)
    USART2_IRQHandler                        0x08000d0f   Thumb Code   766  stm32f10x_it.o(.text)
    USART3_IRQHandler                        0x0800100d   Thumb Code   416  stm32f10x_it.o(.text)
    EXTI15_10_IRQHandler                     0x080011ad   Thumb Code     2  stm32f10x_it.o(.text)
    RTCAlarm_IRQHandler                      0x080011af   Thumb Code     2  stm32f10x_it.o(.text)
    USBWakeUp_IRQHandler                     0x080011b1   Thumb Code     2  stm32f10x_it.o(.text)
    TIM8_BRK_IRQHandler                      0x080011b3   Thumb Code     2  stm32f10x_it.o(.text)
    TIM8_UP_IRQHandler                       0x080011b5   Thumb Code     2  stm32f10x_it.o(.text)
    TIM8_TRG_COM_IRQHandler                  0x080011b7   Thumb Code     2  stm32f10x_it.o(.text)
    TIM8_CC_IRQHandler                       0x080011b9   Thumb Code     2  stm32f10x_it.o(.text)
    ADC3_IRQHandler                          0x080011bb   Thumb Code     2  stm32f10x_it.o(.text)
    FSMC_IRQHandler                          0x080011bd   Thumb Code     2  stm32f10x_it.o(.text)
    SDIO_IRQHandler                          0x080011bf   Thumb Code     2  stm32f10x_it.o(.text)
    TIM5_IRQHandler                          0x080011c1   Thumb Code     2  stm32f10x_it.o(.text)
    SPI3_IRQHandler                          0x080011c3   Thumb Code     2  stm32f10x_it.o(.text)
    UART4_IRQHandler                         0x080011c5   Thumb Code     2  stm32f10x_it.o(.text)
    UART5_IRQHandler                         0x080011c7   Thumb Code     2  stm32f10x_it.o(.text)
    TIM6_IRQHandler                          0x080011c9   Thumb Code     2  stm32f10x_it.o(.text)
    TIM7_IRQHandler                          0x080011cb   Thumb Code     2  stm32f10x_it.o(.text)
    DMA2_Channel1_IRQHandler                 0x080011cd   Thumb Code     2  stm32f10x_it.o(.text)
    DMA2_Channel2_IRQHandler                 0x080011cf   Thumb Code     2  stm32f10x_it.o(.text)
    DMA2_Channel3_IRQHandler                 0x080011d1   Thumb Code     2  stm32f10x_it.o(.text)
    DMA2_Channel4_5_IRQHandler               0x080011d3   Thumb Code     2  stm32f10x_it.o(.text)
    USART_Configuration                      0x08001211   Thumb Code   100  system.o(.text)
    CAN_start                                0x08001275   Thumb Code    30  system.o(.text)
    CAN_setup                                0x08001293   Thumb Code   188  system.o(.text)
    Can_Configuration                        0x0800134f   Thumb Code    64  system.o(.text)
    SPI_Configuration                        0x0800138f   Thumb Code    92  system.o(.text)
    GPIO_Configuration                       0x080013eb   Thumb Code   304  system.o(.text)
    SysTick_Config                           0x0800151b   Thumb Code    22  system.o(.text)
    NVIC_Configuration                       0x08001531   Thumb Code   116  system.o(.text)
    RCC_Configuration                        0x080015a5   Thumb Code   208  system.o(.text)
    System_initialization                    0x08001675   Thumb Code    38  system.o(.text)
    USART2_Putc                              0x0800169b   Thumb Code    42  system.o(.text)
    USART2_ReceiveC                          0x080016c5   Thumb Code    30  system.o(.text)
    Can_send                                 0x080016e3   Thumb Code   110  system.o(.text)
    TIM_Configuration                        0x08001751   Thumb Code    58  system.o(.text)
    Delay                                    0x0800178b   Thumb Code    38  system.o(.text)
    Decrement_TimingDelay                    0x080017b1   Thumb Code    12  system.o(.text)
    initDAC2526                              0x080017cd   Thumb Code    90  dac2526.o(.text)
    writeToDAC2526                           0x08001827   Thumb Code    60  dac2526.o(.text)
    writeDACAandB                            0x08001863   Thumb Code   116  dac2526.o(.text)
    writeDACAandBtoZero                      0x080018d7   Thumb Code   112  dac2526.o(.text)
    Reset_Handler                            0x08001951   Thumb Code     4  stm32f10x_vector.o(.text)
    __user_initial_stackheap                 0x08001955   Thumb Code     0  stm32f10x_vector.o(.text)
    __WFI                                    0x08001975   Thumb Code     0  cortexm3_macro.o(.text)
    __WFE                                    0x08001979   Thumb Code     0  cortexm3_macro.o(.text)
    __SEV                                    0x0800197d   Thumb Code     0  cortexm3_macro.o(.text)
    __ISB                                    0x08001981   Thumb Code     0  cortexm3_macro.o(.text)
    __DSB                                    0x08001987   Thumb Code     0  cortexm3_macro.o(.text)
    __DMB                                    0x0800198d   Thumb Code     0  cortexm3_macro.o(.text)
    __SVC                                    0x08001993   Thumb Code     0  cortexm3_macro.o(.text)
    __MRS_CONTROL                            0x08001997   Thumb Code     0  cortexm3_macro.o(.text)
    __MSR_CONTROL                            0x0800199d   Thumb Code     0  cortexm3_macro.o(.text)
    __MRS_PSP                                0x080019a7   Thumb Code     0  cortexm3_macro.o(.text)
    __MSR_PSP                                0x080019ad   Thumb Code     0  cortexm3_macro.o(.text)
    __MRS_MSP                                0x080019b3   Thumb Code     0  cortexm3_macro.o(.text)
    __MSR_MSP                                0x080019b9   Thumb Code     0  cortexm3_macro.o(.text)
    __RESETPRIMASK                           0x080019bf   Thumb Code     0  cortexm3_macro.o(.text)
    __SETPRIMASK                             0x080019c3   Thumb Code     0  cortexm3_macro.o(.text)
    __READ_PRIMASK                           0x080019c7   Thumb Code     0  cortexm3_macro.o(.text)
    __SETFAULTMASK                           0x080019cd   Thumb Code     0  cortexm3_macro.o(.text)
    __RESETFAULTMASK                         0x080019d1   Thumb Code     0  cortexm3_macro.o(.text)
    __READ_FAULTMASK                         0x080019d5   Thumb Code     0  cortexm3_macro.o(.text)
    __BASEPRICONFIG                          0x080019db   Thumb Code     0  cortexm3_macro.o(.text)
    __GetBASEPRI                             0x080019e1   Thumb Code     0  cortexm3_macro.o(.text)
    __REV_HalfWord                           0x080019e7   Thumb Code     0  cortexm3_macro.o(.text)
    __REV_Word                               0x080019eb   Thumb Code     0  cortexm3_macro.o(.text)
    CAN_DeInit                               0x080019f1   Thumb Code    22  stm32f10x_can.o(.text)
    CAN_Init                                 0x08001a07   Thumb Code   292  stm32f10x_can.o(.text)
    CAN_FilterInit                           0x08001b2b   Thumb Code   258  stm32f10x_can.o(.text)
    CAN_StructInit                           0x08001c2d   Thumb Code    32  stm32f10x_can.o(.text)
    CAN_ITConfig                             0x08001c4d   Thumb Code    34  stm32f10x_can.o(.text)
    CAN_Transmit                             0x08001c6f   Thumb Code   338  stm32f10x_can.o(.text)
    CAN_TransmitStatus                       0x08001dc1   Thumb Code   174  stm32f10x_can.o(.text)
    CAN_CancelTransmit                       0x08001e6f   Thumb Code    60  stm32f10x_can.o(.text)
    CAN_FIFORelease                          0x08001eab   Thumb Code    22  stm32f10x_can.o(.text)
    CAN_MessagePending                       0x08001ec1   Thumb Code    38  stm32f10x_can.o(.text)
    CAN_Receive                              0x08001ee7   Thumb Code   202  stm32f10x_can.o(.text)
    CAN_Sleep                                0x08001fb1   Thumb Code    34  stm32f10x_can.o(.text)
    CAN_WakeUp                               0x08001fd3   Thumb Code    34  stm32f10x_can.o(.text)
    CAN_GetFlagStatus                        0x08001ff5   Thumb Code    22  stm32f10x_can.o(.text)
    CAN_ClearFlag                            0x0800200b   Thumb Code    16  stm32f10x_can.o(.text)
    CAN_GetITStatus                          0x0800202d   Thumb Code   278  stm32f10x_can.o(.text)
    CAN_ClearITPendingBit                    0x08002143   Thumb Code   220  stm32f10x_can.o(.text)
    CAN_Send_channel_Code                    0x0800221f   Thumb Code    76  stm32f10x_can.o(.text)
    FLASH_SetLatency                         0x08002271   Thumb Code    22  stm32f10x_flash.o(.text)
    FLASH_HalfCycleAccessCmd                 0x08002287   Thumb Code    22  stm32f10x_flash.o(.text)
    FLASH_PrefetchBufferCmd                  0x0800229d   Thumb Code    22  stm32f10x_flash.o(.text)
    GPIO_DeInit                              0x080022b9   Thumb Code   188  stm32f10x_gpio.o(.text)
    GPIO_AFIODeInit                          0x08002375   Thumb Code    20  stm32f10x_gpio.o(.text)
    GPIO_Init                                0x08002389   Thumb Code   276  stm32f10x_gpio.o(.text)
    GPIO_StructInit                          0x0800249d   Thumb Code    16  stm32f10x_gpio.o(.text)
    GPIO_ReadInputDataBit                    0x080024ad   Thumb Code    18  stm32f10x_gpio.o(.text)
    GPIO_ReadInputData                       0x080024bf   Thumb Code     8  stm32f10x_gpio.o(.text)
    GPIO_ReadOutputDataBit                   0x080024c7   Thumb Code    18  stm32f10x_gpio.o(.text)
    GPIO_ReadOutputData                      0x080024d9   Thumb Code     8  stm32f10x_gpio.o(.text)
    GPIO_SetBits                             0x080024e1   Thumb Code     4  stm32f10x_gpio.o(.text)
    GPIO_ResetBits                           0x080024e5   Thumb Code     4  stm32f10x_gpio.o(.text)
    GPIO_WriteBit                            0x080024e9   Thumb Code    10  stm32f10x_gpio.o(.text)
    GPIO_Write                               0x080024f3   Thumb Code     4  stm32f10x_gpio.o(.text)
    GPIO_PinLockConfig                       0x080024f7   Thumb Code    18  stm32f10x_gpio.o(.text)
    GPIO_EventOutputConfig                   0x08002509   Thumb Code    26  stm32f10x_gpio.o(.text)
    GPIO_EventOutputCmd                      0x08002523   Thumb Code     6  stm32f10x_gpio.o(.text)
    GPIO_PinRemapConfig                      0x08002529   Thumb Code   106  stm32f10x_gpio.o(.text)
    GPIO_EXTILineConfig                      0x08002593   Thumb Code    66  stm32f10x_gpio.o(.text)
    NVIC_DeInit                              0x080025e5   Thumb Code    54  stm32f10x_nvic.o(.text)
    NVIC_SCBDeInit                           0x0800261b   Thumb Code    76  stm32f10x_nvic.o(.text)
    NVIC_PriorityGroupConfig                 0x08002667   Thumb Code    12  stm32f10x_nvic.o(.text)
    NVIC_Init                                0x08002673   Thumb Code   152  stm32f10x_nvic.o(.text)
    NVIC_StructInit                          0x0800270b   Thumb Code    12  stm32f10x_nvic.o(.text)
    NVIC_SETPRIMASK                          0x08002717   Thumb Code     8  stm32f10x_nvic.o(.text)
    NVIC_RESETPRIMASK                        0x0800271f   Thumb Code     8  stm32f10x_nvic.o(.text)
    NVIC_SETFAULTMASK                        0x08002727   Thumb Code     8  stm32f10x_nvic.o(.text)
    NVIC_RESETFAULTMASK                      0x0800272f   Thumb Code     8  stm32f10x_nvic.o(.text)
    NVIC_BASEPRICONFIG                       0x08002737   Thumb Code    12  stm32f10x_nvic.o(.text)
    NVIC_GetBASEPRI                          0x08002743   Thumb Code     8  stm32f10x_nvic.o(.text)
    NVIC_GetCurrentPendingIRQChannel         0x0800274b   Thumb Code    10  stm32f10x_nvic.o(.text)
    NVIC_GetIRQChannelPendingBitStatus       0x08002755   Thumb Code    42  stm32f10x_nvic.o(.text)
    NVIC_SetIRQChannelPendingBit             0x0800277f   Thumb Code     6  stm32f10x_nvic.o(.text)
    NVIC_ClearIRQChannelPendingBit           0x08002785   Thumb Code    20  stm32f10x_nvic.o(.text)
    NVIC_GetCurrentActiveHandler             0x08002799   Thumb Code    10  stm32f10x_nvic.o(.text)
    NVIC_GetIRQChannelActiveBitStatus        0x080027a3   Thumb Code    42  stm32f10x_nvic.o(.text)
    NVIC_GetCPUID                            0x080027cd   Thumb Code     8  stm32f10x_nvic.o(.text)
    NVIC_SetVectorTable                      0x080027d5   Thumb Code    14  stm32f10x_nvic.o(.text)
    NVIC_GenerateSystemReset                 0x080027e3   Thumb Code    12  stm32f10x_nvic.o(.text)
    NVIC_GenerateCoreReset                   0x080027ef   Thumb Code    12  stm32f10x_nvic.o(.text)
    NVIC_SystemLPConfig                      0x080027fb   Thumb Code    34  stm32f10x_nvic.o(.text)
    NVIC_SystemHandlerConfig                 0x0800281d   Thumb Code    48  stm32f10x_nvic.o(.text)
    NVIC_SystemHandlerPriorityConfig         0x0800284d   Thumb Code   110  stm32f10x_nvic.o(.text)
    NVIC_GetSystemHandlerPendingBitStatus    0x080028bb   Thumb Code    44  stm32f10x_nvic.o(.text)
    NVIC_SetSystemHandlerPendingBit          0x080028e7   Thumb Code    22  stm32f10x_nvic.o(.text)
    NVIC_ClearSystemHandlerPendingBit        0x080028fd   Thumb Code    26  stm32f10x_nvic.o(.text)
    NVIC_GetSystemHandlerActiveBitStatus     0x08002917   Thumb Code    42  stm32f10x_nvic.o(.text)
    NVIC_GetFaultHandlerSources              0x08002941   Thumb Code    66  stm32f10x_nvic.o(.text)
    NVIC_GetFaultAddress                     0x08002983   Thumb Code    28  stm32f10x_nvic.o(.text)
    RCC_DeInit                               0x080029bd   Thumb Code    62  stm32f10x_rcc.o(.text)
    RCC_HSEConfig                            0x080029fb   Thumb Code    70  stm32f10x_rcc.o(.text)
    RCC_GetFlagStatus                        0x08002a41   Thumb Code    56  stm32f10x_rcc.o(.text)
    RCC_WaitForHSEStartUp                    0x08002a79   Thumb Code    62  stm32f10x_rcc.o(.text)
    RCC_AdjustHSICalibrationValue            0x08002ab7   Thumb Code    20  stm32f10x_rcc.o(.text)
    RCC_HSICmd                               0x08002acb   Thumb Code     6  stm32f10x_rcc.o(.text)
    RCC_PLLConfig                            0x08002ad1   Thumb Code    24  stm32f10x_rcc.o(.text)
    RCC_PLLCmd                               0x08002ae9   Thumb Code     6  stm32f10x_rcc.o(.text)
    RCC_SYSCLKConfig                         0x08002aef   Thumb Code    18  stm32f10x_rcc.o(.text)
    RCC_GetSYSCLKSource                      0x08002b01   Thumb Code    10  stm32f10x_rcc.o(.text)
    RCC_HCLKConfig                           0x08002b0b   Thumb Code    18  stm32f10x_rcc.o(.text)
    RCC_PCLK1Config                          0x08002b1d   Thumb Code    18  stm32f10x_rcc.o(.text)
    RCC_PCLK2Config                          0x08002b2f   Thumb Code    20  stm32f10x_rcc.o(.text)
    RCC_ITConfig                             0x08002b43   Thumb Code    26  stm32f10x_rcc.o(.text)
    RCC_USBCLKConfig                         0x08002b5d   Thumb Code     8  stm32f10x_rcc.o(.text)
    RCC_ADCCLKConfig                         0x08002b65   Thumb Code    18  stm32f10x_rcc.o(.text)
    RCC_LSEConfig                            0x08002b77   Thumb Code    50  stm32f10x_rcc.o(.text)
    RCC_LSICmd                               0x08002ba9   Thumb Code     6  stm32f10x_rcc.o(.text)
    RCC_RTCCLKConfig                         0x08002baf   Thumb Code    12  stm32f10x_rcc.o(.text)
    RCC_RTCCLKCmd                            0x08002bbb   Thumb Code     8  stm32f10x_rcc.o(.text)
    RCC_GetClocksFreq                        0x08002bc3   Thumb Code   192  stm32f10x_rcc.o(.text)
    RCC_AHBPeriphClockCmd                    0x08002c83   Thumb Code    26  stm32f10x_rcc.o(.text)
    RCC_APB2PeriphClockCmd                   0x08002c9d   Thumb Code    26  stm32f10x_rcc.o(.text)
    RCC_APB1PeriphClockCmd                   0x08002cb7   Thumb Code    26  stm32f10x_rcc.o(.text)
    RCC_APB2PeriphResetCmd                   0x08002cd1   Thumb Code    26  stm32f10x_rcc.o(.text)
    RCC_APB1PeriphResetCmd                   0x08002ceb   Thumb Code    26  stm32f10x_rcc.o(.text)
    RCC_BackupResetCmd                       0x08002d05   Thumb Code     8  stm32f10x_rcc.o(.text)
    RCC_ClockSecuritySystemCmd               0x08002d0d   Thumb Code     6  stm32f10x_rcc.o(.text)
    RCC_MCOConfig                            0x08002d13   Thumb Code     6  stm32f10x_rcc.o(.text)
    RCC_ClearFlag                            0x08002d19   Thumb Code    14  stm32f10x_rcc.o(.text)
    RCC_GetITStatus                          0x08002d27   Thumb Code    20  stm32f10x_rcc.o(.text)
    RCC_ClearITPendingBit                    0x08002d3b   Thumb Code     6  stm32f10x_rcc.o(.text)
    SPI_I2S_DeInit                           0x08002d6d   Thumb Code    88  stm32f10x_spi.o(.text)
    SPI_Init                                 0x08002dc5   Thumb Code    60  stm32f10x_spi.o(.text)
    I2S_Init                                 0x08002e01   Thumb Code   210  stm32f10x_spi.o(.text)
    SPI_StructInit                           0x08002ed3   Thumb Code    24  stm32f10x_spi.o(.text)
    I2S_StructInit                           0x08002eeb   Thumb Code    20  stm32f10x_spi.o(.text)
    SPI_Cmd                                  0x08002eff   Thumb Code    24  stm32f10x_spi.o(.text)
    I2S_Cmd                                  0x08002f17   Thumb Code    24  stm32f10x_spi.o(.text)
    SPI_I2S_ITConfig                         0x08002f2f   Thumb Code    32  stm32f10x_spi.o(.text)
    SPI_I2S_DMACmd                           0x08002f4f   Thumb Code    18  stm32f10x_spi.o(.text)
    SPI_I2S_SendData                         0x08002f61   Thumb Code     4  stm32f10x_spi.o(.text)
    SPI_I2S_ReceiveData                      0x08002f65   Thumb Code     6  stm32f10x_spi.o(.text)
    SPI_NSSInternalSoftwareConfig            0x08002f6b   Thumb Code    30  stm32f10x_spi.o(.text)
    SPI_SSOutputCmd                          0x08002f89   Thumb Code    24  stm32f10x_spi.o(.text)
    SPI_DataSizeConfig                       0x08002fa1   Thumb Code    18  stm32f10x_spi.o(.text)
    SPI_TransmitCRC                          0x08002fb3   Thumb Code    10  stm32f10x_spi.o(.text)
    SPI_CalculateCRC                         0x08002fbd   Thumb Code    24  stm32f10x_spi.o(.text)
    SPI_GetCRC                               0x08002fd5   Thumb Code    16  stm32f10x_spi.o(.text)
    SPI_GetCRCPolynomial                     0x08002fe5   Thumb Code     6  stm32f10x_spi.o(.text)
    SPI_BiDirectionalLineConfig              0x08002feb   Thumb Code    28  stm32f10x_spi.o(.text)
    SPI_I2S_GetFlagStatus                    0x08003007   Thumb Code    18  stm32f10x_spi.o(.text)
    SPI_I2S_ClearFlag                        0x08003019   Thumb Code    34  stm32f10x_spi.o(.text)
    SPI_I2S_GetITStatus                      0x0800303b   Thumb Code    52  stm32f10x_spi.o(.text)
    SPI_I2S_ClearITPendingBit                0x0800306f   Thumb Code    48  stm32f10x_spi.o(.text)
    TIM_DeInit                               0x080030a5   Thumb Code   214  stm32f10x_tim.o(.text)
    TIM_TimeBaseInit                         0x0800317b   Thumb Code    50  stm32f10x_tim.o(.text)
    TIM_OC1Init                              0x080031ad   Thumb Code   110  stm32f10x_tim.o(.text)
    TIM_OC2Init                              0x0800321b   Thumb Code   148  stm32f10x_tim.o(.text)
    TIM_OC3Init                              0x080032af   Thumb Code   144  stm32f10x_tim.o(.text)
    TIM_OC4Init                              0x0800333f   Thumb Code   106  stm32f10x_tim.o(.text)
    TIM_SetIC4Prescaler                      0x080033a9   Thumb Code    26  stm32f10x_tim.o(.text)
    TIM_SetIC3Prescaler                      0x08003415   Thumb Code    18  stm32f10x_tim.o(.text)
    TIM_SetIC2Prescaler                      0x0800346f   Thumb Code    42  stm32f10x_tim.o(.text)
    TIM_SetIC1Prescaler                      0x080034e9   Thumb Code    18  stm32f10x_tim.o(.text)
    TIM_ICInit                               0x08003533   Thumb Code   110  stm32f10x_tim.o(.text)
    TIM_PWMIConfig                           0x080035a1   Thumb Code   124  stm32f10x_tim.o(.text)
    TIM_BDTRConfig                           0x0800361d   Thumb Code    32  stm32f10x_tim.o(.text)
    TIM_TimeBaseStructInit                   0x0800363d   Thumb Code    18  stm32f10x_tim.o(.text)
    TIM_OCStructInit                         0x0800364f   Thumb Code    20  stm32f10x_tim.o(.text)
    TIM_ICStructInit                         0x08003663   Thumb Code    18  stm32f10x_tim.o(.text)
    TIM_BDTRStructInit                       0x08003675   Thumb Code    18  stm32f10x_tim.o(.text)
    TIM_Cmd                                  0x08003687   Thumb Code    24  stm32f10x_tim.o(.text)
    TIM_CtrlPWMOutputs                       0x0800369f   Thumb Code    30  stm32f10x_tim.o(.text)
    TIM_ITConfig                             0x080036bd   Thumb Code    18  stm32f10x_tim.o(.text)
    TIM_GenerateEvent                        0x080036cf   Thumb Code     4  stm32f10x_tim.o(.text)
    TIM_DMAConfig                            0x080036d3   Thumb Code    10  stm32f10x_tim.o(.text)
    TIM_DMACmd                               0x080036dd   Thumb Code    18  stm32f10x_tim.o(.text)
    TIM_InternalClockConfig                  0x080036ef   Thumb Code    12  stm32f10x_tim.o(.text)
    TIM_SelectInputTrigger                   0x080036fb   Thumb Code    18  stm32f10x_tim.o(.text)
    TIM_ITRxExternalClockConfig              0x0800370d   Thumb Code    24  stm32f10x_tim.o(.text)
    TIM_TIxExternalClockConfig               0x08003725   Thumb Code    62  stm32f10x_tim.o(.text)
    TIM_ETRConfig                            0x08003763   Thumb Code    30  stm32f10x_tim.o(.text)
    TIM_ETRClockMode1Config                  0x08003781   Thumb Code    54  stm32f10x_tim.o(.text)
    TIM_ETRClockMode2Config                  0x080037b7   Thumb Code    32  stm32f10x_tim.o(.text)
    TIM_PrescalerConfig                      0x080037d7   Thumb Code     6  stm32f10x_tim.o(.text)
    TIM_CounterModeConfig                    0x080037dd   Thumb Code    18  stm32f10x_tim.o(.text)
    TIM_EncoderInterfaceConfig               0x080037ef   Thumb Code    66  stm32f10x_tim.o(.text)
    TIM_ForcedOC1Config                      0x08003831   Thumb Code    18  stm32f10x_tim.o(.text)
    TIM_ForcedOC2Config                      0x08003843   Thumb Code    26  stm32f10x_tim.o(.text)
    TIM_ForcedOC3Config                      0x0800385d   Thumb Code    18  stm32f10x_tim.o(.text)
    TIM_ForcedOC4Config                      0x0800386f   Thumb Code    26  stm32f10x_tim.o(.text)
    TIM_ARRPreloadConfig                     0x08003889   Thumb Code    24  stm32f10x_tim.o(.text)
    TIM_SelectCOM                            0x080038a1   Thumb Code    24  stm32f10x_tim.o(.text)
    TIM_SelectCCDMA                          0x080038b9   Thumb Code    24  stm32f10x_tim.o(.text)
    TIM_CCPreloadControl                     0x080038d1   Thumb Code    24  stm32f10x_tim.o(.text)
    TIM_OC1PreloadConfig                     0x080038e9   Thumb Code    18  stm32f10x_tim.o(.text)
    TIM_OC2PreloadConfig                     0x080038fb   Thumb Code    26  stm32f10x_tim.o(.text)
    TIM_OC3PreloadConfig                     0x08003915   Thumb Code    18  stm32f10x_tim.o(.text)
    TIM_OC4PreloadConfig                     0x08003927   Thumb Code    26  stm32f10x_tim.o(.text)
    TIM_OC1FastConfig                        0x08003941   Thumb Code    18  stm32f10x_tim.o(.text)
    TIM_OC2FastConfig                        0x08003953   Thumb Code    26  stm32f10x_tim.o(.text)
    TIM_OC3FastConfig                        0x0800396d   Thumb Code    18  stm32f10x_tim.o(.text)
    TIM_OC4FastConfig                        0x0800397f   Thumb Code    26  stm32f10x_tim.o(.text)
    TIM_ClearOC1Ref                          0x08003999   Thumb Code    18  stm32f10x_tim.o(.text)
    TIM_ClearOC2Ref                          0x080039ab   Thumb Code    24  stm32f10x_tim.o(.text)
    TIM_ClearOC3Ref                          0x080039c3   Thumb Code    18  stm32f10x_tim.o(.text)
    TIM_ClearOC4Ref                          0x080039d5   Thumb Code    24  stm32f10x_tim.o(.text)
    TIM_OC1PolarityConfig                    0x080039ed   Thumb Code    18  stm32f10x_tim.o(.text)
    TIM_OC1NPolarityConfig                   0x080039ff   Thumb Code    18  stm32f10x_tim.o(.text)
    TIM_OC2PolarityConfig                    0x08003a11   Thumb Code    26  stm32f10x_tim.o(.text)
    TIM_OC2NPolarityConfig                   0x08003a2b   Thumb Code    26  stm32f10x_tim.o(.text)
    TIM_OC3PolarityConfig                    0x08003a45   Thumb Code    26  stm32f10x_tim.o(.text)
    TIM_OC3NPolarityConfig                   0x08003a5f   Thumb Code    26  stm32f10x_tim.o(.text)
    TIM_OC4PolarityConfig                    0x08003a79   Thumb Code    26  stm32f10x_tim.o(.text)
    TIM_CCxCmd                               0x08003a93   Thumb Code    26  stm32f10x_tim.o(.text)
    TIM_CCxNCmd                              0x08003aad   Thumb Code    26  stm32f10x_tim.o(.text)
    TIM_SelectOCxM                           0x08003ac7   Thumb Code   108  stm32f10x_tim.o(.text)
    TIM_UpdateDisableConfig                  0x08003b33   Thumb Code    24  stm32f10x_tim.o(.text)
    TIM_UpdateRequestConfig                  0x08003b4b   Thumb Code    24  stm32f10x_tim.o(.text)
    TIM_SelectHallSensor                     0x08003b63   Thumb Code    24  stm32f10x_tim.o(.text)
    TIM_SelectOnePulseMode                   0x08003b7b   Thumb Code    18  stm32f10x_tim.o(.text)
    TIM_SelectOutputTrigger                  0x08003b8d   Thumb Code    18  stm32f10x_tim.o(.text)
    TIM_SelectSlaveMode                      0x08003b9f   Thumb Code    18  stm32f10x_tim.o(.text)
    TIM_SelectMasterSlaveMode                0x08003bb1   Thumb Code    18  stm32f10x_tim.o(.text)
    TIM_SetCounter                           0x08003bc3   Thumb Code     4  stm32f10x_tim.o(.text)
    TIM_SetAutoreload                        0x08003bc7   Thumb Code     4  stm32f10x_tim.o(.text)
    TIM_SetCompare1                          0x08003bcb   Thumb Code     4  stm32f10x_tim.o(.text)
    TIM_SetCompare2                          0x08003bcf   Thumb Code     4  stm32f10x_tim.o(.text)
    TIM_SetCompare3                          0x08003bd3   Thumb Code     4  stm32f10x_tim.o(.text)
    TIM_SetCompare4                          0x08003bd7   Thumb Code     6  stm32f10x_tim.o(.text)
    TIM_SetClockDivision                     0x08003bdd   Thumb Code    14  stm32f10x_tim.o(.text)
    TIM_GetCapture1                          0x08003beb   Thumb Code     6  stm32f10x_tim.o(.text)
    TIM_GetCapture2                          0x08003bf1   Thumb Code     6  stm32f10x_tim.o(.text)
    TIM_GetCapture3                          0x08003bf7   Thumb Code     6  stm32f10x_tim.o(.text)
    TIM_GetCapture4                          0x08003bfd   Thumb Code     8  stm32f10x_tim.o(.text)
    TIM_GetCounter                           0x08003c05   Thumb Code     6  stm32f10x_tim.o(.text)
    TIM_GetPrescaler                         0x08003c0b   Thumb Code     6  stm32f10x_tim.o(.text)
    TIM_GetFlagStatus                        0x08003c11   Thumb Code    18  stm32f10x_tim.o(.text)
    TIM_ClearFlag                            0x08003c23   Thumb Code     6  stm32f10x_tim.o(.text)
    TIM_GetITStatus                          0x08003c29   Thumb Code    34  stm32f10x_tim.o(.text)
    TIM_ClearITPendingBit                    0x08003c4b   Thumb Code     6  stm32f10x_tim.o(.text)
    USART_DeInit                             0x08003c51   Thumb Code   146  stm32f10x_usart.o(.text)
    USART_Init                               0x08003ce3   Thumb Code   152  stm32f10x_usart.o(.text)
    USART_StructInit                         0x08003d7b   Thumb Code    24  stm32f10x_usart.o(.text)
    USART_ClockInit                          0x08003d93   Thumb Code    34  stm32f10x_usart.o(.text)
    USART_ClockStructInit                    0x08003db5   Thumb Code    12  stm32f10x_usart.o(.text)
    USART_Cmd                                0x08003dc1   Thumb Code    24  stm32f10x_usart.o(.text)
    USART_ITConfig                           0x08003dd9   Thumb Code    64  stm32f10x_usart.o(.text)
    USART_DMACmd                             0x08003e19   Thumb Code    18  stm32f10x_usart.o(.text)
    USART_SetAddress                         0x08003e2b   Thumb Code    18  stm32f10x_usart.o(.text)
    USART_WakeUpConfig                       0x08003e3d   Thumb Code    18  stm32f10x_usart.o(.text)
    USART_ReceiverWakeUpCmd                  0x08003e4f   Thumb Code    24  stm32f10x_usart.o(.text)
    USART_LINBreakDetectLengthConfig         0x08003e67   Thumb Code    18  stm32f10x_usart.o(.text)
    USART_LINCmd                             0x08003e79   Thumb Code    24  stm32f10x_usart.o(.text)
    USART_SendData                           0x08003e91   Thumb Code     8  stm32f10x_usart.o(.text)
    USART_ReceiveData                        0x08003e99   Thumb Code    10  stm32f10x_usart.o(.text)
    USART_SendBreak                          0x08003ea3   Thumb Code    10  stm32f10x_usart.o(.text)
    USART_SetGuardTime                       0x08003ead   Thumb Code    16  stm32f10x_usart.o(.text)
    USART_SetPrescaler                       0x08003ebd   Thumb Code    16  stm32f10x_usart.o(.text)
    USART_SmartCardCmd                       0x08003ecd   Thumb Code    24  stm32f10x_usart.o(.text)
    USART_SmartCardNACKCmd                   0x08003ee5   Thumb Code    24  stm32f10x_usart.o(.text)
    USART_HalfDuplexCmd                      0x08003efd   Thumb Code    24  stm32f10x_usart.o(.text)
    USART_IrDAConfig                         0x08003f15   Thumb Code    18  stm32f10x_usart.o(.text)
    USART_IrDACmd                            0x08003f27   Thumb Code    24  stm32f10x_usart.o(.text)
    USART_GetFlagStatus                      0x08003f3f   Thumb Code    18  stm32f10x_usart.o(.text)
    USART_ClearFlag                          0x08003f51   Thumb Code     6  stm32f10x_usart.o(.text)
    USART_GetITStatus                        0x08003f57   Thumb Code    76  stm32f10x_usart.o(.text)
    USART_ClearITPendingBit                  0x08003fa3   Thumb Code    20  stm32f10x_usart.o(.text)
    SysTick_CLKSourceConfig                  0x08003fc5   Thumb Code    40  stm32f10x_systick.o(.text)
    SysTick_SetReload                        0x08003fed   Thumb Code     8  stm32f10x_systick.o(.text)
    SysTick_CounterCmd                       0x08003ff5   Thumb Code    54  stm32f10x_systick.o(.text)
    SysTick_ITConfig                         0x0800402b   Thumb Code    38  stm32f10x_systick.o(.text)
    SysTick_GetCounter                       0x08004051   Thumb Code     8  stm32f10x_systick.o(.text)
    SysTick_GetFlagStatus                    0x08004059   Thumb Code    46  stm32f10x_systick.o(.text)
    __use_two_region_memory                  0x08004087   Thumb Code     2  heapauxi.o(.text)
    __rt_heap_escrow$2region                 0x08004089   Thumb Code     2  heapauxi.o(.text)
    __rt_heap_expand$2region                 0x0800408b   Thumb Code     2  heapauxi.o(.text)
    __user_setup_stackheap                   0x0800408d   Thumb Code    74  sys_stackheap_outer.o(.text)
    exit                                     0x080040d7   Thumb Code    18  exit.o(.text)
    __user_libspace                          0x080040e9   Thumb Code     8  libspace.o(.text)
    __user_perproc_libspace                  0x080040e9   Thumb Code     0  libspace.o(.text)
    __user_perthread_libspace                0x080040e9   Thumb Code     0  libspace.o(.text)
    _sys_exit                                0x080040f1   Thumb Code     8  sys_exit.o(.text)
    __I$use$semihosting                      0x080040fd   Thumb Code     0  use_no_semi.o(.text)
    __use_no_semihosting_swi                 0x080040fd   Thumb Code     2  use_no_semi.o(.text)
    __semihosting_library_function           0x080040ff   Thumb Code     0  indicate_semi.o(.text)
    Region$$Table$$Base                      0x08004114   Number         0  anon$$obj.o(Region$$Table)
    Region$$Table$$Limit                     0x08004134   Number         0  anon$$obj.o(Region$$Table)
    reFlag                                   0x20000000   Data           1  main.o(.data)
    dataLenth                                0x20000002   Data           2  main.o(.data)
    dataBufEnd                               0x20000004   Data           2  main.o(.data)
    codeBuf                                  0x20000006   Data           1  main.o(.data)
    codeUpdata                               0x20000007   Data           1  main.o(.data)
    stimulation_Freq                         0x20000008   Data           2  main.o(.data)
    stimulation_width                        0x2000000a   Data           2  main.o(.data)
    stimulation_delay                        0x2000000c   Data           1  main.o(.data)
    stimulation_Amp                          0x2000000e   Data           2  main.o(.data)
    dataIsReady                              0x20000010   Data           1  main.o(.data)
    MUconnectFlag                            0x20000011   Data           1  main.o(.data)
    stimulationStart                         0x20000012   Data           1  main.o(.data)
    dataUpdata                               0x20000013   Data           1  main.o(.data)
    dataReErr                                0x20000014   Data           1  main.o(.data)
    stimulation_para                         0x20000018   Data           4  main.o(.data)
    stimulation_para_Num                     0x2000001c   Data           2  main.o(.data)
    datajixu                                 0x2000001e   Data           1  main.o(.data)
    SensoryFeedbackSystem                    0x2000001f   Data           1  main.o(.data)
    SensoryFeedbackDataReady                 0x20000020   Data           1  main.o(.data)
    SensoryFeedbackDataBuf                   0x20000021   Data           3  main.o(.data)
    fraction_index                           0x20000028   Data           2  stimulation.o(.data)
    fraction_index2                          0x2000002a   Data           2  stimulation.o(.data)
    Period                                   0x2000002c   Data           4  stimulation.o(.data)
    int_flag                                 0x20000030   Data           1  stimulation.o(.data)
    n_flag                                   0x20000031   Data           1  stimulation.o(.data)
    StimulateAmpReal                         0x20000032   Data           2  stimulation.o(.data)
    DACMap                                   0x20000034   Data         242  stimulation.o(.data)
    capture                                  0x20000128   Data           2  stm32f10x_it.o(.data)
    i                                        0x2000012a   Data           1  stm32f10x_it.o(.data)
    TimingDelay                              0x2000012c   Data           4  system.o(.data)
    HSEStartUpStatus                         0x20000130   Data           1  system.o(.data)
    dataBuf                                  0x2000013c   Data        3072  main.o(.bss)
    receiveDataFromCom                       0x20000d3c   Data          16  main.o(.bss)
    datadata                                 0x20000d4c   Data          20  stm32f10x_it.o(.bss)
    TIM_OCInitStructure                      0x20000d60   Data          16  system.o(.bss)
    TIM_TimeBaseStructure                    0x20000d70   Data          10  system.o(.bss)
    __libspace_start                         0x20000d7c   Data          96  libspace.o(.bss)
    __temporary_stack_top$libspace           0x20000ddc   Data           0  libspace.o(.bss)



==============================================================================

Memory Map of the image

  Image Entry point : 0x08000131

  Load Region LR_IROM1 (Base: 0x08000000, Size: 0x00004270, Max: 0x00040000, ABSOLUTE, COMPRESSED[0x0000422c])

    Execution Region ER_IROM1 (Exec base: 0x08000000, Load base: 0x08000000, Size: 0x00004134, Max: 0x00040000, ABSOLUTE)

    Exec Addr    Load Addr    Size         Type   Attr      Idx    E Section Name        Object

    0x08000000   0x08000000   0x00000130   Data   RO          179    RESET               stm32f10x_vector.o
    0x08000130   0x08000130   0x00000008   Code   RO          324  * !!!main             c_w.l(__main.o)
    0x08000138   0x08000138   0x00000034   Code   RO          483    !!!scatter          c_w.l(__scatter.o)
    0x0800016c   0x0800016c   0x0000003a   Code   RO          481    !!dczerorl          c_w.l(__dczerorl.o)
    0x080001a6   0x080001a6   0x00000002   PAD
    0x080001a8   0x080001a8   0x0000001c   Code   RO          485    !!handler_zi        c_w.l(__scatter_zi.o)
    0x080001c4   0x080001c4   0x00000002   Code   RO          351    .ARM.Collect$$libinit$$00000000  c_w.l(libinit.o)
    0x080001c6   0x080001c6   0x00000000   Code   RO          358    .ARM.Collect$$libinit$$00000002  c_w.l(libinit2.o)
    0x080001c6   0x080001c6   0x00000000   Code   RO          360    .ARM.Collect$$libinit$$00000004  c_w.l(libinit2.o)
    0x080001c6   0x080001c6   0x00000000   Code   RO          363    .ARM.Collect$$libinit$$0000000A  c_w.l(libinit2.o)
    0x080001c6   0x080001c6   0x00000000   Code   RO          365    .ARM.Collect$$libinit$$0000000C  c_w.l(libinit2.o)
    0x080001c6   0x080001c6   0x00000000   Code   RO          367    .ARM.Collect$$libinit$$0000000E  c_w.l(libinit2.o)
    0x080001c6   0x080001c6   0x00000000   Code   RO          370    .ARM.Collect$$libinit$$00000011  c_w.l(libinit2.o)
    0x080001c6   0x080001c6   0x00000000   Code   RO          372    .ARM.Collect$$libinit$$00000013  c_w.l(libinit2.o)
    0x080001c6   0x080001c6   0x00000000   Code   RO          374    .ARM.Collect$$libinit$$00000015  c_w.l(libinit2.o)
    0x080001c6   0x080001c6   0x00000000   Code   RO          376    .ARM.Collect$$libinit$$00000017  c_w.l(libinit2.o)
    0x080001c6   0x080001c6   0x00000000   Code   RO          378    .ARM.Collect$$libinit$$00000019  c_w.l(libinit2.o)
    0x080001c6   0x080001c6   0x00000000   Code   RO          380    .ARM.Collect$$libinit$$0000001B  c_w.l(libinit2.o)
    0x080001c6   0x080001c6   0x00000000   Code   RO          382    .ARM.Collect$$libinit$$0000001D  c_w.l(libinit2.o)
    0x080001c6   0x080001c6   0x00000000   Code   RO          384    .ARM.Collect$$libinit$$0000001F  c_w.l(libinit2.o)
    0x080001c6   0x080001c6   0x00000000   Code   RO          386    .ARM.Collect$$libinit$$00000021  c_w.l(libinit2.o)
    0x080001c6   0x080001c6   0x00000000   Code   RO          388    .ARM.Collect$$libinit$$00000023  c_w.l(libinit2.o)
    0x080001c6   0x080001c6   0x00000000   Code   RO          390    .ARM.Collect$$libinit$$00000025  c_w.l(libinit2.o)
    0x080001c6   0x080001c6   0x00000000   Code   RO          394    .ARM.Collect$$libinit$$0000002C  c_w.l(libinit2.o)
    0x080001c6   0x080001c6   0x00000000   Code   RO          396    .ARM.Collect$$libinit$$0000002E  c_w.l(libinit2.o)
    0x080001c6   0x080001c6   0x00000000   Code   RO          398    .ARM.Collect$$libinit$$00000030  c_w.l(libinit2.o)
    0x080001c6   0x080001c6   0x00000000   Code   RO          400    .ARM.Collect$$libinit$$00000032  c_w.l(libinit2.o)
    0x080001c6   0x080001c6   0x00000002   Code   RO          401    .ARM.Collect$$libinit$$00000033  c_w.l(libinit2.o)
    0x080001c8   0x080001c8   0x00000002   Code   RO          421    .ARM.Collect$$libshutdown$$00000000  c_w.l(libshutdown.o)
    0x080001ca   0x080001ca   0x00000000   Code   RO          434    .ARM.Collect$$libshutdown$$00000002  c_w.l(libshutdown2.o)
    0x080001ca   0x080001ca   0x00000000   Code   RO          436    .ARM.Collect$$libshutdown$$00000004  c_w.l(libshutdown2.o)
    0x080001ca   0x080001ca   0x00000000   Code   RO          439    .ARM.Collect$$libshutdown$$00000007  c_w.l(libshutdown2.o)
    0x080001ca   0x080001ca   0x00000000   Code   RO          442    .ARM.Collect$$libshutdown$$0000000A  c_w.l(libshutdown2.o)
    0x080001ca   0x080001ca   0x00000000   Code   RO          444    .ARM.Collect$$libshutdown$$0000000C  c_w.l(libshutdown2.o)
    0x080001ca   0x080001ca   0x00000000   Code   RO          447    .ARM.Collect$$libshutdown$$0000000F  c_w.l(libshutdown2.o)
    0x080001ca   0x080001ca   0x00000002   Code   RO          448    .ARM.Collect$$libshutdown$$00000010  c_w.l(libshutdown2.o)
    0x080001cc   0x080001cc   0x00000000   Code   RO          326    .ARM.Collect$$rtentry$$00000000  c_w.l(__rtentry.o)
    0x080001cc   0x080001cc   0x00000000   Code   RO          328    .ARM.Collect$$rtentry$$00000002  c_w.l(__rtentry2.o)
    0x080001cc   0x080001cc   0x00000006   Code   RO          340    .ARM.Collect$$rtentry$$00000004  c_w.l(__rtentry4.o)
    0x080001d2   0x080001d2   0x00000000   Code   RO          330    .ARM.Collect$$rtentry$$00000009  c_w.l(__rtentry2.o)
    0x080001d2   0x080001d2   0x00000004   Code   RO          331    .ARM.Collect$$rtentry$$0000000A  c_w.l(__rtentry2.o)
    0x080001d6   0x080001d6   0x00000000   Code   RO          333    .ARM.Collect$$rtentry$$0000000C  c_w.l(__rtentry2.o)
    0x080001d6   0x080001d6   0x00000008   Code   RO          334    .ARM.Collect$$rtentry$$0000000D  c_w.l(__rtentry2.o)
    0x080001de   0x080001de   0x00000002   Code   RO          355    .ARM.Collect$$rtexit$$00000000  c_w.l(rtexit.o)
    0x080001e0   0x080001e0   0x00000000   Code   RO          403    .ARM.Collect$$rtexit$$00000002  c_w.l(rtexit2.o)
    0x080001e0   0x080001e0   0x00000004   Code   RO          404    .ARM.Collect$$rtexit$$00000003  c_w.l(rtexit2.o)
    0x080001e4   0x080001e4   0x00000006   Code   RO          405    .ARM.Collect$$rtexit$$00000004  c_w.l(rtexit2.o)
    0x080001ea   0x080001ea   0x00000002   PAD
    0x080001ec   0x080001ec   0x00000294   Code   RO            1    .text               main.o
    0x08000480   0x08000480   0x000004a8   Code   RO           95    .text               stimulation.o
    0x08000928   0x08000928   0x00000084   Code   RO          111    .text               stm32_init.o
    0x080009ac   0x080009ac   0x00000864   Code   RO          123    .text               stm32f10x_it.o
    0x08001210   0x08001210   0x000005bc   Code   RO          149    .text               system.o
    0x080017cc   0x080017cc   0x00000184   Code   RO          165    .text               dac2526.o
    0x08001950   0x08001950   0x00000024   Code   RO          180    .text               stm32f10x_vector.o
    0x08001974   0x08001974   0x0000007a   Code   RO          185    .text               cortexm3_macro.o
    0x080019ee   0x080019ee   0x00000002   PAD
    0x080019f0   0x080019f0   0x00000880   Code   RO          188    .text               stm32f10x_can.o
    0x08002270   0x08002270   0x00000048   Code   RO          200    .text               stm32f10x_flash.o
    0x080022b8   0x080022b8   0x0000032c   Code   RO          224    .text               stm32f10x_gpio.o
    0x080025e4   0x080025e4   0x000003d8   Code   RO          245    .text               stm32f10x_nvic.o
    0x080029bc   0x080029bc   0x000003b0   Code   RO          257    .text               stm32f10x_rcc.o
    0x08002d6c   0x08002d6c   0x00000338   Code   RO          272    .text               stm32f10x_spi.o
    0x080030a4   0x080030a4   0x00000bac   Code   RO          284    .text               stm32f10x_tim.o
    0x08003c50   0x08003c50   0x00000374   Code   RO          296    .text               stm32f10x_usart.o
    0x08003fc4   0x08003fc4   0x000000c2   Code   RO          308    .text               stm32f10x_systick.o
    0x08004086   0x08004086   0x00000006   Code   RO          322    .text               c_w.l(heapauxi.o)
    0x0800408c   0x0800408c   0x0000004a   Code   RO          342    .text               c_w.l(sys_stackheap_outer.o)
    0x080040d6   0x080040d6   0x00000012   Code   RO          344    .text               c_w.l(exit.o)
    0x080040e8   0x080040e8   0x00000008   Code   RO          352    .text               c_w.l(libspace.o)
    0x080040f0   0x080040f0   0x0000000c   Code   RO          413    .text               c_w.l(sys_exit.o)
    0x080040fc   0x080040fc   0x00000002   Code   RO          424    .text               c_w.l(use_no_semi.o)
    0x080040fe   0x080040fe   0x00000000   Code   RO          426    .text               c_w.l(indicate_semi.o)
    0x080040fe   0x080040fe   0x00000014   Data   RO          258    .constdata          stm32f10x_rcc.o
    0x08004112   0x08004112   0x00000002   PAD
    0x08004114   0x08004114   0x00000020   Data   RO          479    Region$$Table       anon$$obj.o


    Execution Region RW_IRAM1 (Exec base: 0x20000000, Load base: 0x08004134, Size: 0x000015e0, Max: 0x0000c000, ABSOLUTE, COMPRESSED[0x000000f8])

    Exec Addr    Load Addr    Size         Type   Attr      Idx    E Section Name        Object

    0x20000000   COMPRESSED   0x00000026   Data   RW            3    .data               main.o
    0x20000026   COMPRESSED   0x00000002   PAD
    0x20000028   COMPRESSED   0x00000100   Data   RW           96    .data               stimulation.o
    0x20000128   COMPRESSED   0x00000003   Data   RW          125    .data               stm32f10x_it.o
    0x2000012b   COMPRESSED   0x00000001   PAD
    0x2000012c   COMPRESSED   0x00000005   Data   RW          151    .data               system.o
    0x20000131   COMPRESSED   0x00000003   PAD
    0x20000134   COMPRESSED   0x00000008   Data   RW          259    .data               stm32f10x_rcc.o
    0x2000013c        -       0x00000c10   Zero   RW            2    .bss                main.o
    0x20000d4c        -       0x00000014   Zero   RW          124    .bss                stm32f10x_it.o
    0x20000d60        -       0x0000001a   Zero   RW          150    .bss                system.o
    0x20000d7a   COMPRESSED   0x00000002   PAD
    0x20000d7c        -       0x00000060   Zero   RW          353    .bss                c_w.l(libspace.o)
    0x20000ddc   COMPRESSED   0x00000004   PAD
    0x20000de0        -       0x00000400   Zero   RW          178    HEAP                stm32f10x_vector.o
    0x200011e0        -       0x00000400   Zero   RW          177    STACK               stm32f10x_vector.o


==============================================================================

Image component sizes


      Code (inc. data)   RO Data    RW Data    ZI Data      Debug   Object Name

       122          0          0          0          0        376   cortexm3_macro.o
       388         10          0          0          0       1151   dac2526.o
       660         74          0         38       3088      80453   main.o
      1192         36          0        256          0       3929   stimulation.o
       132         28          0          0          0       6631   stm32_init.o
      2176         22          0          0          0       6508   stm32f10x_can.o
        72          6          0          0          0        872   stm32f10x_flash.o
       812         16          0          0          0       5227   stm32f10x_gpio.o
      2148        130          0          3         20      10627   stm32f10x_it.o
       984         30          0          0          0       7256   stm32f10x_nvic.o
       944         44         20          8          0       8828   stm32f10x_rcc.o
       824          6          0          0          0       6430   stm32f10x_spi.o
       194          0          0          0          0       1609   stm32f10x_systick.o
      2988         16          0          0          0      24276   stm32f10x_tim.o
       884         14          0          0          0       7791   stm32f10x_usart.o
        36         22        304          0       2048        436   stm32f10x_vector.o
      1468         74          0          5         26       4063   system.o

    ----------------------------------------------------------------------
     16026        528        358        316       5184     176463   Object Totals
         0          0         32          0          0          0   (incl. Generated)
         2          0          2          6          2          0   (incl. Padding)

    ----------------------------------------------------------------------

      Code (inc. data)   RO Data    RW Data    ZI Data      Debug   Library Member Name

        58          0          0          0          0          0   __dczerorl.o
         8          0          0          0          0         68   __main.o
         0          0          0          0          0          0   __rtentry.o
        12          0          0          0          0          0   __rtentry2.o
         6          0          0          0          0          0   __rtentry4.o
        52          8          0          0          0          0   __scatter.o
        28          0          0          0          0          0   __scatter_zi.o
        18          0          0          0          0         80   exit.o
         6          0          0          0          0        152   heapauxi.o
         0          0          0          0          0          0   indicate_semi.o
         2          0          0          0          0          0   libinit.o
         2          0          0          0          0          0   libinit2.o
         2          0          0          0          0          0   libshutdown.o
         2          0          0          0          0          0   libshutdown2.o
         8          4          0          0         96         68   libspace.o
         2          0          0          0          0          0   rtexit.o
        10          0          0          0          0          0   rtexit2.o
        12          4          0          0          0         68   sys_exit.o
        74          0          0          0          0         80   sys_stackheap_outer.o
         2          0          0          0          0         68   use_no_semi.o

    ----------------------------------------------------------------------
       308         16          0          0        100        584   Library Totals
         4          0          0          0          4          0   (incl. Padding)

    ----------------------------------------------------------------------

      Code (inc. data)   RO Data    RW Data    ZI Data      Debug   Library Name

       304         16          0          0         96        584   c_w.l

    ----------------------------------------------------------------------
       308         16          0          0        100        584   Library Totals

    ----------------------------------------------------------------------

==============================================================================


      Code (inc. data)   RO Data    RW Data    ZI Data      Debug   

     16334        544        358        316       5284     175223   Grand Totals
     16334        544        358        248       5284     175223   ELF Image Totals (compressed)
     16334        544        358        248          0          0   ROM Totals

==============================================================================

    Total RO  Size (Code + RO Data)                16692 (  16.30kB)
    Total RW  Size (RW Data + ZI Data)              5600 (   5.47kB)
    Total ROM Size (Code + RO Data + RW Data)      16940 (  16.54kB)

==============================================================================

